<!doctype html public "-//w3c//dtd html 4.0 transitional//en">
<html><head>
<title>Static Call Graph - [.\bin\ble_freertos_beaconscanner.axf]</title></head>
<body><HR>
<H1>Static Call Graph for image .\bin\ble_freertos_beaconscanner.axf</H1><HR>
<BR><P>#&#060CALLGRAPH&#062# ARM Linker, 5060750: Last Updated: Thu Mar 26 10:35:17 2020
<BR><P>
<H3>Maximum Stack Usage =        940 bytes + Unknown(Cycles, Untraceable Function Pointers)</H3><H3>
Call chain for Maximum Stack Depth:</H3>
smprScActCalcDHKey &rArr; smpScActCalcSharedSecret &rArr; SecEccGenSharedSecret &rArr; uECC_shared_secret &rArr; EccPoint_mult &rArr; XYcZ_initial_double &rArr; EccPoint_double_jacobian &rArr; vli_modSquare_fast &rArr; vli_square &rArr; mul2add
<P>
<H3>
Mutually Recursive functions
</H3> <LI><a href="#[10]">NMI_Handler</a>&nbsp;&nbsp;&nbsp;&rArr;&nbsp;&nbsp;&nbsp;<a href="#[10]">NMI_Handler</a><BR>
 <LI><a href="#[12]">MemManage_Handler</a>&nbsp;&nbsp;&nbsp;&rArr;&nbsp;&nbsp;&nbsp;<a href="#[12]">MemManage_Handler</a><BR>
 <LI><a href="#[13]">BusFault_Handler</a>&nbsp;&nbsp;&nbsp;&rArr;&nbsp;&nbsp;&nbsp;<a href="#[13]">BusFault_Handler</a><BR>
 <LI><a href="#[14]">UsageFault_Handler</a>&nbsp;&nbsp;&nbsp;&rArr;&nbsp;&nbsp;&nbsp;<a href="#[14]">UsageFault_Handler</a><BR>
 <LI><a href="#[15]">SecureFault_Handler</a>&nbsp;&nbsp;&nbsp;&rArr;&nbsp;&nbsp;&nbsp;<a href="#[15]">SecureFault_Handler</a><BR>
 <LI><a href="#[17]">DebugMon_Handler</a>&nbsp;&nbsp;&nbsp;&rArr;&nbsp;&nbsp;&nbsp;<a href="#[17]">DebugMon_Handler</a><BR>
 <LI><a href="#[2c]">am_adc_isr</a>&nbsp;&nbsp;&nbsp;&rArr;&nbsp;&nbsp;&nbsp;<a href="#[2c]">am_adc_isr</a><BR>
</UL>
<P>
<H3>
Function Pointers
</H3><UL>
 <LI><a href="#[66]">AppHandler</a> from app_main.o(i.AppHandler) referenced from radio_task.o(i.exactle_stack_init)
 <LI><a href="#[44]">AppServerConnCback</a> from app_server.o(i.AppServerConnCback) referenced from beaconscanner_main.o(i.BeaconScannerStart)
 <LI><a href="#[64]">AttHandler</a> from att_main.o(i.AttHandler) referenced from radio_task.o(i.exactle_stack_init)
 <LI><a href="#[67]">BeaconScannerHandler</a> from beaconscanner_main.o(i.BeaconScannerHandler) referenced from radio_task.o(i.exactle_stack_init)
 <LI><a href="#[13]">BusFault_Handler</a> from startup_keil.o(RESET) referenced from startup_keil.o(RESET)
 <LI><a href="#[17]">DebugMon_Handler</a> from startup_keil.o(RESET) referenced from startup_keil.o(RESET)
 <LI><a href="#[62]">DmHandler</a> from dm_main.o(i.DmHandler) referenced from radio_task.o(i.exactle_stack_init)
 <LI><a href="#[11]">HardFault_Handler</a> from am_util_faultisr.o(.emb_text) referenced from startup_keil.o(RESET)
 <LI><a href="#[69]">HciDrvHandler</a> from hci_drv_apollo3.o(i.HciDrvHandler) referenced from radio_task.o(i.exactle_stack_init)
 <LI><a href="#[61]">HciHandler</a> from hci_main.o(i.HciHandler) referenced from radio_task.o(i.exactle_stack_init)
 <LI><a href="#[63]">L2cSlaveHandler</a> from l2c_slave.o(i.L2cSlaveHandler) referenced from radio_task.o(i.exactle_stack_init)
 <LI><a href="#[12]">MemManage_Handler</a> from startup_keil.o(RESET) referenced from startup_keil.o(RESET)
 <LI><a href="#[10]">NMI_Handler</a> from startup_keil.o(RESET) referenced from startup_keil.o(RESET)
 <LI><a href="#[18]">PendSV_Handler</a> from port.o(.emb_text) referenced from startup_keil.o(RESET)
 <LI><a href="#[6c]">RadioTask</a> from radio_task.o(i.RadioTask) referenced from rtos.o(i.setup_task)
 <LI><a href="#[f]">Reset_Handler</a> from startup_keil.o(RESET) referenced from startup_keil.o(RESET)
 <LI><a href="#[16]">SVC_Handler</a> from port.o(.emb_text) referenced from startup_keil.o(RESET)
 <LI><a href="#[51]">SecAesHciCback</a> from sec_aes.o(i.SecAesHciCback) referenced from sec_aes.o(i.SecAesInit)
 <LI><a href="#[52]">SecCmacHciCback</a> from sec_cmac_hci.o(i.SecCmacHciCback) referenced from sec_cmac_hci.o(i.SecCmacInit)
 <LI><a href="#[15]">SecureFault_Handler</a> from startup_keil.o(RESET) referenced from startup_keil.o(RESET)
 <LI><a href="#[65]">SmpHandler</a> from smp_main.o(i.SmpHandler) referenced from radio_task.o(i.exactle_stack_init)
 <LI><a href="#[19]">SysTick_Handler</a> from port.o(i.SysTick_Handler) referenced from startup_keil.o(RESET)
 <LI><a href="#[14]">UsageFault_Handler</a> from startup_keil.o(RESET) referenced from startup_keil.o(RESET)
 <LI><a href="#[5d]">WsfTimer_handler</a> from wsf_timer.o(i.WsfTimer_handler) referenced from wsf_timer.o(i.WsfTimerInit)
 <LI><a href="#[129]">__main</a> from __main.o(!!!main) referenced from startup_keil.o(RESET)
 <LI><a href="#[2c]">am_adc_isr</a> from startup_keil.o(RESET) referenced from startup_keil.o(RESET)
 <LI><a href="#[26]">am_ble_isr</a> from radio_task.o(i.am_ble_isr) referenced from startup_keil.o(RESET)
 <LI><a href="#[1a]">am_brownout_isr</a> from startup_keil.o(RESET) referenced from startup_keil.o(RESET)
 <LI><a href="#[39]">am_clkgen_isr</a> from startup_keil.o(RESET) referenced from startup_keil.o(RESET)
 <LI><a href="#[28]">am_ctimer_isr</a> from rtos.o(i.am_ctimer_isr) referenced from startup_keil.o(RESET)
 <LI><a href="#[27]">am_gpio_isr</a> from startup_keil.o(RESET) referenced from startup_keil.o(RESET)
 <LI><a href="#[5e]">am_hal_itm_print</a> from am_hal_itm.o(i.am_hal_itm_print) referenced from am_bsp.o(i.am_bsp_itm_printf_enable)
 <LI><a href="#[20]">am_iomaster0_isr</a> from startup_keil.o(RESET) referenced from startup_keil.o(RESET)
 <LI><a href="#[21]">am_iomaster1_isr</a> from startup_keil.o(RESET) referenced from startup_keil.o(RESET)
 <LI><a href="#[22]">am_iomaster2_isr</a> from startup_keil.o(RESET) referenced from startup_keil.o(RESET)
 <LI><a href="#[23]">am_iomaster3_isr</a> from startup_keil.o(RESET) referenced from startup_keil.o(RESET)
 <LI><a href="#[24]">am_iomaster4_isr</a> from startup_keil.o(RESET) referenced from startup_keil.o(RESET)
 <LI><a href="#[25]">am_iomaster5_isr</a> from startup_keil.o(RESET) referenced from startup_keil.o(RESET)
 <LI><a href="#[1f]">am_ioslave_acc_isr</a> from startup_keil.o(RESET) referenced from startup_keil.o(RESET)
 <LI><a href="#[1e]">am_ioslave_ios_isr</a> from startup_keil.o(RESET) referenced from startup_keil.o(RESET)
 <LI><a href="#[2e]">am_mspi0_isr</a> from startup_keil.o(RESET) referenced from startup_keil.o(RESET)
 <LI><a href="#[2d]">am_pdm0_isr</a> from startup_keil.o(RESET) referenced from startup_keil.o(RESET)
 <LI><a href="#[1c]">am_rtc_isr</a> from startup_keil.o(RESET) referenced from startup_keil.o(RESET)
 <LI><a href="#[2b]">am_scard_isr</a> from startup_keil.o(RESET) referenced from startup_keil.o(RESET)
 <LI><a href="#[2f]">am_software0_isr</a> from startup_keil.o(RESET) referenced from startup_keil.o(RESET)
 <LI><a href="#[31]">am_stimer_cmpr0_isr</a> from port.o(i.am_stimer_cmpr0_isr) referenced from startup_keil.o(RESET)
 <LI><a href="#[32]">am_stimer_cmpr1_isr</a> from port.o(i.am_stimer_cmpr1_isr) referenced from startup_keil.o(RESET)
 <LI><a href="#[33]">am_stimer_cmpr2_isr</a> from startup_keil.o(RESET) referenced from startup_keil.o(RESET)
 <LI><a href="#[34]">am_stimer_cmpr3_isr</a> from startup_keil.o(RESET) referenced from startup_keil.o(RESET)
 <LI><a href="#[35]">am_stimer_cmpr4_isr</a> from startup_keil.o(RESET) referenced from startup_keil.o(RESET)
 <LI><a href="#[36]">am_stimer_cmpr5_isr</a> from startup_keil.o(RESET) referenced from startup_keil.o(RESET)
 <LI><a href="#[37]">am_stimer_cmpr6_isr</a> from startup_keil.o(RESET) referenced from startup_keil.o(RESET)
 <LI><a href="#[38]">am_stimer_cmpr7_isr</a> from startup_keil.o(RESET) referenced from startup_keil.o(RESET)
 <LI><a href="#[30]">am_stimer_isr</a> from startup_keil.o(RESET) referenced from startup_keil.o(RESET)
 <LI><a href="#[2a]">am_uart1_isr</a> from startup_keil.o(RESET) referenced from startup_keil.o(RESET)
 <LI><a href="#[29]">am_uart_isr</a> from radio_task.o(i.am_uart_isr) referenced from startup_keil.o(RESET)
 <LI><a href="#[1d]">am_vcomp_isr</a> from startup_keil.o(RESET) referenced from startup_keil.o(RESET)
 <LI><a href="#[1b]">am_watchdog_isr</a> from startup_keil.o(RESET) referenced from startup_keil.o(RESET)
 <LI><a href="#[3b]">appMasterProcMsg</a> from app_master.o(i.appMasterProcMsg) referenced from app_master.o(i.AppMasterInit)
 <LI><a href="#[60]">appSlaveLegAdvRestart</a> from app_slave_leg.o(i.appSlaveLegAdvRestart) referenced from app_slave_leg.o(i.appSlaveAdvMode)
 <LI><a href="#[5f]">appSlaveLegAdvStop</a> from app_slave_leg.o(i.appSlaveLegAdvStop) referenced from app_slave_leg.o(i.appSlaveAdvMode)
 <LI><a href="#[3c]">appSlaveProcMsg</a> from app_slave.o(i.appSlaveProcMsg) referenced from app_slave.o(i.AppSlaveInit)
 <LI><a href="#[3f]">attDmConnCback</a> from att_main.o(i.attDmConnCback) referenced from att_main.o(i.AttHandlerInit)
 <LI><a href="#[b8]">attEmptyConnCback</a> from att_main.o(i.attEmptyConnCback) referenced from att_main.o(.constdata)
 <LI><a href="#[b0]">attEmptyDataCback</a> from att_main.o(i.attEmptyDataCback) referenced 2 times from atts_ind.o(.constdata)
 <LI><a href="#[41]">attEmptyHandler</a> from att_main.o(i.attEmptyHandler) referenced 2 times from att_main.o(.constdata)
 <LI><a href="#[41]">attEmptyHandler</a> from att_main.o(i.attEmptyHandler) referenced from atts_main.o(i.AttsInit)
 <LI><a href="#[3d]">attL2cCtrlCback</a> from att_main.o(i.attL2cCtrlCback) referenced from att_main.o(i.AttHandlerInit)
 <LI><a href="#[3e]">attL2cDataCback</a> from att_main.o(i.attL2cDataCback) referenced from att_main.o(i.AttHandlerInit)
 <LI><a href="#[a2]">attcConnCback</a> from attc_main.o(i.attcConnCback) referenced from attc_main.o(.constdata)
 <LI><a href="#[a0]">attcCtrlCback</a> from attc_main.o(i.attcCtrlCback) referenced from attc_main.o(.constdata)
 <LI><a href="#[9f]">attcDataCback</a> from attc_main.o(i.attcDataCback) referenced from attc_main.o(.constdata)
 <LI><a href="#[a1]">attcMsgCback</a> from attc_main.o(i.attcMsgCback) referenced from attc_main.o(.constdata)
 <LI><a href="#[a8]">attcProcErrRsp</a> from attc_proc.o(i.attcProcErrRsp) referenced from attc_proc.o(.constdata)
 <LI><a href="#[ab]">attcProcFindByTypeRsp</a> from attc_read.o(i.attcProcFindByTypeRsp) referenced from attc_proc.o(.constdata)
 <LI><a href="#[aa]">attcProcFindOrReadRsp</a> from attc_proc.o(i.attcProcFindOrReadRsp) referenced 3 times from attc_proc.o(.constdata)
 <LI><a href="#[a9]">attcProcMtuRsp</a> from attc_proc.o(i.attcProcMtuRsp) referenced from attc_proc.o(.constdata)
 <LI><a href="#[af]">attcProcPrepWriteRsp</a> from attc_write.o(i.attcProcPrepWriteRsp) referenced from attc_proc.o(.constdata)
 <LI><a href="#[ad]">attcProcReadLongRsp</a> from attc_read.o(i.attcProcReadLongRsp) referenced from attc_proc.o(.constdata)
 <LI><a href="#[ac]">attcProcReadRsp</a> from attc_proc.o(i.attcProcReadRsp) referenced 2 times from attc_proc.o(.constdata)
 <LI><a href="#[ae]">attcProcWriteRsp</a> from attc_proc.o(i.attcProcWriteRsp) referenced 2 times from attc_proc.o(.constdata)
 <LI><a href="#[a4]">attcSendContinuingReq</a> from attc_main.o(i.attcSendContinuingReq) referenced 5 times from attc_main.o(.constdata)
 <LI><a href="#[a3]">attcSendMtuReq</a> from attc_main.o(i.attcSendMtuReq) referenced from attc_main.o(.constdata)
 <LI><a href="#[a7]">attcSendPrepWriteReq</a> from attc_main.o(i.attcSendPrepWriteReq) referenced from attc_main.o(.constdata)
 <LI><a href="#[a5]">attcSendSimpleReq</a> from attc_main.o(i.attcSendSimpleReq) referenced 4 times from attc_main.o(.constdata)
 <LI><a href="#[a6]">attcSendWriteCmd</a> from attc_main.o(i.attcSendWriteCmd) referenced from attc_main.o(.constdata)
 <LI><a href="#[40]">attsCccMainCback</a> from atts_ccc.o(i.attsCccMainCback) referenced from atts_ccc.o(i.AttsCccRegister)
 <LI><a href="#[b7]">attsConnCback</a> from atts_main.o(i.attsConnCback) referenced from atts_main.o(.constdata)
 <LI><a href="#[b4]">attsDataCback</a> from atts_main.o(i.attsDataCback) referenced from atts_main.o(.constdata)
 <LI><a href="#[b3]">attsIndConnCback</a> from atts_ind.o(i.attsIndConnCback) referenced from atts_ind.o(.constdata)
 <LI><a href="#[b1]">attsIndCtrlCback</a> from atts_ind.o(i.attsIndCtrlCback) referenced from atts_ind.o(.constdata)
 <LI><a href="#[b2]">attsIndMsgCback</a> from atts_ind.o(i.attsIndMsgCback) referenced from atts_ind.o(.constdata)
 <LI><a href="#[b5]">attsL2cCtrlCback</a> from atts_main.o(i.attsL2cCtrlCback) referenced from atts_main.o(.constdata)
 <LI><a href="#[b6]">attsMsgCback</a> from atts_main.o(i.attsMsgCback) referenced from atts_main.o(.constdata)
 <LI><a href="#[d]">attsProcExecWriteReq</a> from atts_write.o(i.attsProcExecWriteReq) referenced 2 times from atts_main.o(.data)
 <LI><a href="#[4]">attsProcFindInfoReq</a> from atts_proc.o(i.attsProcFindInfoReq) referenced 2 times from atts_main.o(.data)
 <LI><a href="#[5]">attsProcFindTypeReq</a> from atts_read.o(i.attsProcFindTypeReq) referenced 2 times from atts_main.o(.data)
 <LI><a href="#[3]">attsProcMtuReq</a> from atts_proc.o(i.attsProcMtuReq) referenced 2 times from atts_main.o(.data)
 <LI><a href="#[c]">attsProcPrepWriteReq</a> from atts_write.o(i.attsProcPrepWriteReq) referenced 2 times from atts_main.o(.data)
 <LI><a href="#[8]">attsProcReadBlobReq</a> from atts_read.o(i.attsProcReadBlobReq) referenced 2 times from atts_main.o(.data)
 <LI><a href="#[a]">attsProcReadGroupTypeReq</a> from atts_read.o(i.attsProcReadGroupTypeReq) referenced 2 times from atts_main.o(.data)
 <LI><a href="#[9]">attsProcReadMultReq</a> from atts_read.o(i.attsProcReadMultReq) referenced 2 times from atts_main.o(.data)
 <LI><a href="#[7]">attsProcReadReq</a> from atts_proc.o(i.attsProcReadReq) referenced 2 times from atts_main.o(.data)
 <LI><a href="#[6]">attsProcReadTypeReq</a> from atts_read.o(i.attsProcReadTypeReq) referenced 2 times from atts_main.o(.data)
 <LI><a href="#[e]">attsProcValueCnf</a> from atts_ind.o(i.attsProcValueCnf) referenced 2 times from atts_main.o(.data)
 <LI><a href="#[b]">attsProcWrite</a> from atts_write.o(i.attsProcWrite) referenced 4 times from atts_main.o(.data)
 <LI><a href="#[43]">beaconScannerAttCback</a> from beaconscanner_main.o(i.beaconScannerAttCback) referenced from beaconscanner_main.o(i.BeaconScannerStart)
 <LI><a href="#[46]">beaconScannerBtnCback</a> from beaconscanner_main.o(i.beaconScannerBtnCback) referenced from beaconscanner_main.o(i.BeaconScannerStart)
 <LI><a href="#[45]">beaconScannerCccCback</a> from beaconscanner_main.o(i.beaconScannerCccCback) referenced from beaconscanner_main.o(i.BeaconScannerStart)
 <LI><a href="#[47]">beaconScannerDiscCback</a> from beaconscanner_main.o(i.beaconScannerDiscCback) referenced from beaconscanner_main.o(i.BeaconScannerStart)
 <LI><a href="#[42]">beaconScannerDmCback</a> from beaconscanner_main.o(i.beaconScannerDmCback) referenced from beaconscanner_main.o(i.BeaconScannerStart)
 <LI><a href="#[48]">beaconScannerIasWriteCback</a> from beaconscanner_main.o(i.beaconScannerIasWriteCback) referenced from beaconscanner_main.o(i.BeaconScannerStart)
 <LI><a href="#[68]">button_handler</a> from radio_task.o(i.button_handler) referenced from radio_task.o(i.exactle_stack_init)
 <LI><a href="#[2]">default_RNG</a> from uecc.o(i.default_RNG) referenced 2 times from uecc.o(.data)
 <LI><a href="#[be]">dmAdvActClearSets</a> from dm_adv_leg.o(i.dmAdvActClearSets) referenced from dm_adv_leg.o(.constdata)
 <LI><a href="#[b9]">dmAdvActConfig</a> from dm_adv_leg.o(i.dmAdvActConfig) referenced from dm_adv_leg.o(.constdata)
 <LI><a href="#[bd]">dmAdvActRemoveSet</a> from dm_adv_leg.o(i.dmAdvActRemoveSet) referenced from dm_adv_leg.o(.constdata)
 <LI><a href="#[ba]">dmAdvActSetData</a> from dm_adv_leg.o(i.dmAdvActSetData) referenced from dm_adv_leg.o(.constdata)
 <LI><a href="#[bf]">dmAdvActSetRandAddr</a> from dm_adv_leg.o(i.dmAdvActSetRandAddr) referenced from dm_adv_leg.o(.constdata)
 <LI><a href="#[bb]">dmAdvActStart</a> from dm_adv_leg.o(i.dmAdvActStart) referenced from dm_adv_leg.o(.constdata)
 <LI><a href="#[bc]">dmAdvActStop</a> from dm_adv_leg.o(i.dmAdvActStop) referenced from dm_adv_leg.o(.constdata)
 <LI><a href="#[c0]">dmAdvActTimeout</a> from dm_adv_leg.o(i.dmAdvActTimeout) referenced from dm_adv_leg.o(.constdata)
 <LI><a href="#[c2]">dmAdvHciHandler</a> from dm_adv_leg.o(i.dmAdvHciHandler) referenced from dm_adv_leg.o(.constdata)
 <LI><a href="#[c3]">dmAdvMsgHandler</a> from dm_adv_leg.o(i.dmAdvMsgHandler) referenced from dm_adv_leg.o(.constdata)
 <LI><a href="#[c1]">dmAdvReset</a> from dm_adv_leg.o(i.dmAdvReset) referenced from dm_adv_leg.o(.constdata)
 <LI><a href="#[ce]">dmConn2HciHandler</a> from dm_conn.o(i.dmConn2HciHandler) referenced from dm_conn.o(.constdata)
 <LI><a href="#[cf]">dmConn2MsgHandler</a> from dm_conn.o(i.dmConn2MsgHandler) referenced from dm_conn.o(.constdata)
 <LI><a href="#[cb]">dmConnHciHandler</a> from dm_conn.o(i.dmConnHciHandler) referenced from dm_conn.o(.constdata)
 <LI><a href="#[cc]">dmConnMsgHandler</a> from dm_conn.o(i.dmConnMsgHandler) referenced from dm_conn.o(.constdata)
 <LI><a href="#[ca]">dmConnReset</a> from dm_conn.o(i.dmConnReset) referenced from dm_conn.o(.constdata)
 <LI><a href="#[d0]">dmConnSmActAccept</a> from dm_conn_slave_leg.o(i.dmConnSmActAccept) referenced from dm_conn_slave_leg.o(.constdata)
 <LI><a href="#[d4]">dmConnSmActAcceptFailed</a> from dm_conn_slave_leg.o(i.dmConnSmActAcceptFailed) referenced from dm_conn_slave_leg.o(.constdata)
 <LI><a href="#[d1]">dmConnSmActCancelAccept</a> from dm_conn_slave_leg.o(i.dmConnSmActCancelAccept) referenced from dm_conn_slave_leg.o(.constdata)
 <LI><a href="#[c5]">dmConnSmActClose</a> from dm_conn.o(i.dmConnSmActClose) referenced from dm_conn.o(.constdata)
 <LI><a href="#[d3]">dmConnSmActConnAccepted</a> from dm_conn_slave_leg.o(i.dmConnSmActConnAccepted) referenced from dm_conn_slave_leg.o(.constdata)
 <LI><a href="#[c8]">dmConnSmActConnClosed</a> from dm_conn.o(i.dmConnSmActConnClosed) referenced from dm_conn.o(.constdata)
 <LI><a href="#[c7]">dmConnSmActConnFailed</a> from dm_conn.o(i.dmConnSmActConnFailed) referenced from dm_conn.o(.constdata)
 <LI><a href="#[c6]">dmConnSmActConnOpened</a> from dm_conn.o(i.dmConnSmActConnOpened) referenced from dm_conn.o(.constdata)
 <LI><a href="#[c9]">dmConnSmActHciUpdated</a> from dm_conn.o(i.dmConnSmActHciUpdated) referenced from dm_conn.o(.constdata)
 <LI><a href="#[d5]">dmConnSmActL2cUpdateCnf</a> from dm_conn_slave.o(i.dmConnSmActL2cUpdateCnf) referenced from dm_conn_slave_leg.o(.constdata)
 <LI><a href="#[c4]">dmConnSmActNone</a> from dm_conn.o(i.dmConnSmActNone) referenced from dm_conn.o(.constdata)
 <LI><a href="#[d2]">dmConnSmActUpdateSlave</a> from dm_conn_slave.o(i.dmConnSmActUpdateSlave) referenced from dm_conn_slave_leg.o(.constdata)
 <LI><a href="#[d6]">dmDevActReset</a> from dm_dev.o(i.dmDevActReset) referenced from dm_dev.o(.constdata)
 <LI><a href="#[d7]">dmDevHciHandler</a> from dm_dev.o(i.dmDevHciHandler) referenced from dm_dev.o(.constdata)
 <LI><a href="#[d8]">dmDevMsgHandler</a> from dm_dev.o(i.dmDevMsgHandler) referenced from dm_dev.o(.constdata)
 <LI><a href="#[d9]">dmEmptyHandler</a> from dm_main.o(i.dmEmptyHandler) referenced 3 times from dm_main.o(.constdata)
 <LI><a href="#[cd]">dmEmptyReset</a> from dm_main.o(i.dmEmptyReset) referenced 4 times from dm_conn.o(.constdata)
 <LI><a href="#[49]">dmHciEvtCback</a> from dm_main.o(i.dmHciEvtCback) referenced from dm_main.o(i.DmHandlerInit)
 <LI><a href="#[dc]">dmPrivActAddDevToResList</a> from dm_priv.o(i.dmPrivActAddDevToResList) referenced from dm_priv.o(.constdata)
 <LI><a href="#[de]">dmPrivActClearResList</a> from dm_priv.o(i.dmPrivActClearResList) referenced from dm_priv.o(.constdata)
 <LI><a href="#[e1]">dmPrivActGenAddr</a> from dm_priv.o(i.dmPrivActGenAddr) referenced from dm_priv.o(.constdata)
 <LI><a href="#[e2]">dmPrivActGenAddrAesCmpl</a> from dm_priv.o(i.dmPrivActGenAddrAesCmpl) referenced from dm_priv.o(.constdata)
 <LI><a href="#[dd]">dmPrivActRemDevFromResList</a> from dm_priv.o(i.dmPrivActRemDevFromResList) referenced from dm_priv.o(.constdata)
 <LI><a href="#[db]">dmPrivActResAddrAesCmpl</a> from dm_priv.o(i.dmPrivActResAddrAesCmpl) referenced from dm_priv.o(.constdata)
 <LI><a href="#[da]">dmPrivActResolveAddr</a> from dm_priv.o(i.dmPrivActResolveAddr) referenced from dm_priv.o(.constdata)
 <LI><a href="#[df]">dmPrivActSetAddrResEnable</a> from dm_priv.o(i.dmPrivActSetAddrResEnable) referenced from dm_priv.o(.constdata)
 <LI><a href="#[e0]">dmPrivActSetPrivacyMode</a> from dm_priv.o(i.dmPrivActSetPrivacyMode) referenced from dm_priv.o(.constdata)
 <LI><a href="#[e4]">dmPrivHciHandler</a> from dm_priv.o(i.dmPrivHciHandler) referenced from dm_priv.o(.constdata)
 <LI><a href="#[e5]">dmPrivMsgHandler</a> from dm_priv.o(i.dmPrivMsgHandler) referenced from dm_priv.o(.constdata)
 <LI><a href="#[e3]">dmPrivReset</a> from dm_priv.o(i.dmPrivReset) referenced from dm_priv.o(.constdata)
 <LI><a href="#[e6]">dmScanActStart</a> from dm_scan_leg.o(i.dmScanActStart) referenced from dm_scan_leg.o(.constdata)
 <LI><a href="#[e7]">dmScanActStop</a> from dm_scan_leg.o(i.dmScanActStop) referenced from dm_scan_leg.o(.constdata)
 <LI><a href="#[e8]">dmScanActTimeout</a> from dm_scan_leg.o(i.dmScanActTimeout) referenced from dm_scan_leg.o(.constdata)
 <LI><a href="#[ea]">dmScanHciHandler</a> from dm_scan_leg.o(i.dmScanHciHandler) referenced from dm_scan_leg.o(.constdata)
 <LI><a href="#[eb]">dmScanMsgHandler</a> from dm_scan_leg.o(i.dmScanMsgHandler) referenced from dm_scan_leg.o(.constdata)
 <LI><a href="#[e9]">dmScanReset</a> from dm_scan_leg.o(i.dmScanReset) referenced from dm_scan_leg.o(.constdata)
 <LI><a href="#[ed]">dmSecHciHandler</a> from dm_sec.o(i.dmSecHciHandler) referenced from dm_sec.o(.constdata)
 <LI><a href="#[ef]">dmSecLescMsgHandler</a> from dm_sec_lesc.o(i.dmSecLescMsgHandler) referenced from dm_sec_lesc.o(.constdata)
 <LI><a href="#[ee]">dmSecMsgHandler</a> from dm_sec.o(i.dmSecMsgHandler) referenced from dm_sec.o(.constdata)
 <LI><a href="#[ec]">dmSecReset</a> from dm_sec.o(i.dmSecReset) referenced from dm_sec.o(.constdata)
 <LI><a href="#[95]">hciEvtParseAuthTimeoutExpiredEvt</a> from hci_evt.o(i.hciEvtParseAuthTimeoutExpiredEvt) referenced from hci_evt.o(.constdata)
 <LI><a href="#[91]">hciEvtParseDataLenChange</a> from hci_evt.o(i.hciEvtParseDataLenChange) referenced from hci_evt.o(.constdata)
 <LI><a href="#[71]">hciEvtParseDisconnectCmpl</a> from hci_evt.o(i.hciEvtParseDisconnectCmpl) referenced from hci_evt.o(.constdata)
 <LI><a href="#[7c]">hciEvtParseEncChange</a> from hci_evt.o(i.hciEvtParseEncChange) referenced from hci_evt.o(.constdata)
 <LI><a href="#[7b]">hciEvtParseEncKeyRefreshCmpl</a> from hci_evt.o(i.hciEvtParseEncKeyRefreshCmpl) referenced from hci_evt.o(.constdata)
 <LI><a href="#[93]">hciEvtParseGenDhKeyCmdCmpl</a> from hci_evt.o(i.hciEvtParseGenDhKeyCmdCmpl) referenced from hci_evt.o(.constdata)
 <LI><a href="#[81]">hciEvtParseHwError</a> from hci_evt.o(i.hciEvtParseHwError) referenced from hci_evt.o(.constdata)
 <LI><a href="#[82]">hciEvtParseLeAddDevToResListCmdCmpl</a> from hci_evt.o(i.hciEvtParseLeAddDevToResListCmdCmpl) referenced from hci_evt.o(.constdata)
 <LI><a href="#[9a]">hciEvtParseLeAdvSetTerm</a> from hci_evt.o(i.hciEvtParseLeAdvSetTerm) referenced from hci_evt.o(.constdata)
 <LI><a href="#[84]">hciEvtParseLeClearResListCmdCmpl</a> from hci_evt.o(i.hciEvtParseLeClearResListCmdCmpl) referenced from hci_evt.o(.constdata)
 <LI><a href="#[9e]">hciEvtParseLeCmdCmpl</a> from hci_evt.o(i.hciEvtParseLeCmdCmpl) referenced 5 times from hci_evt.o(.constdata)
 <LI><a href="#[6f]">hciEvtParseLeConnCmpl</a> from hci_evt.o(i.hciEvtParseLeConnCmpl) referenced from hci_evt.o(.constdata)
 <LI><a href="#[72]">hciEvtParseLeConnUpdateCmpl</a> from hci_evt.o(i.hciEvtParseLeConnUpdateCmpl) referenced from hci_evt.o(.constdata)
 <LI><a href="#[73]">hciEvtParseLeCreateConnCancelCmdCmpl</a> from hci_evt.o(i.hciEvtParseLeCreateConnCancelCmdCmpl) referenced from hci_evt.o(.constdata)
 <LI><a href="#[88]">hciEvtParseLeEncryptCmdCmpl</a> from hci_evt.o(i.hciEvtParseLeEncryptCmdCmpl) referenced from hci_evt.o(.constdata)
 <LI><a href="#[70]">hciEvtParseLeEnhancedConnCmpl</a> from hci_evt.o(i.hciEvtParseLeEnhancedConnCmpl) referenced from hci_evt.o(.constdata)
 <LI><a href="#[7d]">hciEvtParseLeLtkReq</a> from hci_evt.o(i.hciEvtParseLeLtkReq) referenced from hci_evt.o(.constdata)
 <LI><a href="#[7a]">hciEvtParseLeLtkReqNegReplCmdCmpl</a> from hci_evt.o(i.hciEvtParseLeLtkReqNegReplCmdCmpl) referenced from hci_evt.o(.constdata)
 <LI><a href="#[79]">hciEvtParseLeLtkReqReplCmdCmpl</a> from hci_evt.o(i.hciEvtParseLeLtkReqReplCmdCmpl) referenced from hci_evt.o(.constdata)
 <LI><a href="#[9c]">hciEvtParseLePerAdvSyncEst</a> from hci_evt.o(i.hciEvtParseLePerAdvSyncEst) referenced from hci_evt.o(.constdata)
 <LI><a href="#[9d]">hciEvtParseLePerAdvSyncLost</a> from hci_evt.o(i.hciEvtParseLePerAdvSyncLost) referenced from hci_evt.o(.constdata)
 <LI><a href="#[89]">hciEvtParseLeRandCmdCmpl</a> from hci_evt.o(i.hciEvtParseLeRandCmdCmpl) referenced from hci_evt.o(.constdata)
 <LI><a href="#[86]">hciEvtParseLeReadLocalResAddrCmdCmpl</a> from hci_evt.o(i.hciEvtParseLeReadLocalResAddrCmdCmpl) referenced from hci_evt.o(.constdata)
 <LI><a href="#[85]">hciEvtParseLeReadPeerResAddrCmdCmpl</a> from hci_evt.o(i.hciEvtParseLeReadPeerResAddrCmdCmpl) referenced from hci_evt.o(.constdata)
 <LI><a href="#[83]">hciEvtParseLeRemDevFromResListCmdCmpl</a> from hci_evt.o(i.hciEvtParseLeRemDevFromResListCmdCmpl) referenced from hci_evt.o(.constdata)
 <LI><a href="#[9b]">hciEvtParseLeScanReqRcvd</a> from hci_evt.o(i.hciEvtParseLeScanReqRcvd) referenced from hci_evt.o(.constdata)
 <LI><a href="#[99]">hciEvtParseLeScanTimeout</a> from hci_evt.o(i.hciEvtParseLeScanTimeout) referenced from hci_evt.o(.constdata)
 <LI><a href="#[87]">hciEvtParseLeSetAddrResEnableCmdCmpl</a> from hci_evt.o(i.hciEvtParseLeSetAddrResEnableCmdCmpl) referenced from hci_evt.o(.constdata)
 <LI><a href="#[98]">hciEvtParsePhyUpdateCmpl</a> from hci_evt.o(i.hciEvtParsePhyUpdateCmpl) referenced from hci_evt.o(.constdata)
 <LI><a href="#[75]">hciEvtParseReadChanMapCmdCmpl</a> from hci_evt.o(i.hciEvtParseReadChanMapCmdCmpl) referenced from hci_evt.o(.constdata)
 <LI><a href="#[8c]">hciEvtParseReadDefDataLenCmdCmpl</a> from hci_evt.o(i.hciEvtParseReadDefDataLenCmdCmpl) referenced from hci_evt.o(.constdata)
 <LI><a href="#[78]">hciEvtParseReadLeRemoteFeatCmpl</a> from hci_evt.o(i.hciEvtParseReadLeRemoteFeatCmpl) referenced from hci_evt.o(.constdata)
 <LI><a href="#[8f]">hciEvtParseReadMaxDataLenCmdCmpl</a> from hci_evt.o(i.hciEvtParseReadMaxDataLenCmdCmpl) referenced from hci_evt.o(.constdata)
 <LI><a href="#[96]">hciEvtParseReadPhyCmdCmpl</a> from hci_evt.o(i.hciEvtParseReadPhyCmdCmpl) referenced from hci_evt.o(.constdata)
 <LI><a href="#[92]">hciEvtParseReadPubKeyCmdCmpl</a> from hci_evt.o(i.hciEvtParseReadPubKeyCmdCmpl) referenced from hci_evt.o(.constdata)
 <LI><a href="#[77]">hciEvtParseReadRemoteVerInfoCmpl</a> from hci_evt.o(i.hciEvtParseReadRemoteVerInfoCmpl) referenced from hci_evt.o(.constdata)
 <LI><a href="#[74]">hciEvtParseReadRssiCmdCmpl</a> from hci_evt.o(i.hciEvtParseReadRssiCmdCmpl) referenced from hci_evt.o(.constdata)
 <LI><a href="#[76]">hciEvtParseReadTxPwrLvlCmdCmpl</a> from hci_evt.o(i.hciEvtParseReadTxPwrLvlCmdCmpl) referenced from hci_evt.o(.constdata)
 <LI><a href="#[8b]">hciEvtParseRemConnParamNegRepCmdCmpl</a> from hci_evt.o(i.hciEvtParseRemConnParamNegRepCmdCmpl) referenced from hci_evt.o(.constdata)
 <LI><a href="#[8a]">hciEvtParseRemConnParamRepCmdCmpl</a> from hci_evt.o(i.hciEvtParseRemConnParamRepCmdCmpl) referenced from hci_evt.o(.constdata)
 <LI><a href="#[90]">hciEvtParseRemConnParamReq</a> from hci_evt.o(i.hciEvtParseRemConnParamReq) referenced from hci_evt.o(.constdata)
 <LI><a href="#[8e]">hciEvtParseSetDataLenCmdCmpl</a> from hci_evt.o(i.hciEvtParseSetDataLenCmdCmpl) referenced from hci_evt.o(.constdata)
 <LI><a href="#[97]">hciEvtParseSetDefPhyCmdCmpl</a> from hci_evt.o(i.hciEvtParseSetDefPhyCmdCmpl) referenced from hci_evt.o(.constdata)
 <LI><a href="#[80]">hciEvtParseVendorSpec</a> from hci_evt.o(i.hciEvtParseVendorSpec) referenced from hci_evt.o(.constdata)
 <LI><a href="#[7f]">hciEvtParseVendorSpecCmdCmpl</a> from hci_evt.o(i.hciEvtParseVendorSpecCmdCmpl) referenced from hci_evt.o(.constdata)
 <LI><a href="#[7e]">hciEvtParseVendorSpecCmdStatus</a> from hci_evt.o(i.hciEvtParseVendorSpecCmdStatus) referenced from hci_evt.o(.constdata)
 <LI><a href="#[94]">hciEvtParseWriteAuthTimeoutCmdCmpl</a> from hci_evt.o(i.hciEvtParseWriteAuthTimeoutCmdCmpl) referenced from hci_evt.o(.constdata)
 <LI><a href="#[8d]">hciEvtParseWriteDefDataLenCmdCmpl</a> from hci_evt.o(i.hciEvtParseWriteDefDataLenCmdCmpl) referenced from hci_evt.o(.constdata)
 <LI><a href="#[4c]">l2cDefaultCtrlCback</a> from l2c_main.o(i.l2cDefaultCtrlCback) referenced from l2c_main.o(i.L2cInit)
 <LI><a href="#[4a]">l2cDefaultDataCback</a> from l2c_main.o(i.l2cDefaultDataCback) referenced from l2c_main.o(i.L2cInit)
 <LI><a href="#[4d]">l2cDefaultDataCidCback</a> from l2c_main.o(i.l2cDefaultDataCidCback) referenced from l2c_main.o(i.L2cInit)
 <LI><a href="#[4f]">l2cHciAclCback</a> from l2c_main.o(i.l2cHciAclCback) referenced from l2c_main.o(i.L2cInit)
 <LI><a href="#[4e]">l2cHciFlowCback</a> from l2c_main.o(i.l2cHciFlowCback) referenced from l2c_main.o(i.L2cInit)
 <LI><a href="#[4b]">l2cRxSignalingPkt</a> from l2c_main.o(i.l2cRxSignalingPkt) referenced from l2c_main.o(i.L2cInit)
 <LI><a href="#[50]">l2cSlaveRxSignalingPkt</a> from l2c_slave.o(i.l2cSlaveRxSignalingPkt) referenced from l2c_slave.o(i.L2cSlaveInit)
 <LI><a href="#[6d]">prvIdleTask</a> from tasks.o(i.prvIdleTask) referenced from tasks.o(i.vTaskStartScheduler)
 <LI><a href="#[6a]">prvTaskExitError</a> from port.o(i.prvTaskExitError) referenced from port.o(i.pxPortInitialiseStack)
 <LI><a href="#[6e]">prvTimerTask</a> from timers.o(i.prvTimerTask) referenced from timers.o(i.xTimerCreateTimerTask)
 <LI><a href="#[53]">secEccRng</a> from sec_ecc.o(i.secEccRng) referenced from sec_ecc.o(i.SecEccInit)
 <LI><a href="#[54]">secHciCback</a> from sec_main.o(i.secHciCback) referenced from sec_main.o(i.SecInit)
 <LI><a href="#[6b]">setup_task</a> from rtos.o(i.setup_task) referenced from rtos.o(i.run_tasks)
 <LI><a href="#[101]">smpActAttemptRcvd</a> from smp_act.o(i.smpActAttemptRcvd) referenced 2 times from smpr_sc_sm.o(.constdata)
 <LI><a href="#[fe]">smpActCheckAttempts</a> from smp_act.o(i.smpActCheckAttempts) referenced 2 times from smpr_sc_sm.o(.constdata)
 <LI><a href="#[126]">smpActCleanup</a> from smp_act.o(i.smpActCleanup) referenced from smpr_sm.o(.constdata)
 <LI><a href="#[fc]">smpActMaxAttempts</a> from smp_act.o(i.smpActMaxAttempts) referenced 2 times from smpr_sc_sm.o(.constdata)
 <LI><a href="#[f0]">smpActNone</a> from smp_act.o(i.smpActNone) referenced 2 times from smpr_sc_sm.o(.constdata)
 <LI><a href="#[ff]">smpActNotifyDmAttemptsFailure</a> from smp_act.o(i.smpActNotifyDmAttemptsFailure) referenced 2 times from smpr_sc_sm.o(.constdata)
 <LI><a href="#[100]">smpActNotifyDmRspToFailure</a> from smp_act.o(i.smpActNotifyDmRspToFailure) referenced 2 times from smpr_sc_sm.o(.constdata)
 <LI><a href="#[f7]">smpActPairCnfCalc1</a> from smp_act.o(i.smpActPairCnfCalc1) referenced 2 times from smpr_sc_sm.o(.constdata)
 <LI><a href="#[f8]">smpActPairCnfCalc2</a> from smp_act.o(i.smpActPairCnfCalc2) referenced 2 times from smpr_sc_sm.o(.constdata)
 <LI><a href="#[fa]">smpActPairCnfVerCalc1</a> from smp_act.o(i.smpActPairCnfVerCalc1) referenced 2 times from smpr_sc_sm.o(.constdata)
 <LI><a href="#[fb]">smpActPairCnfVerCalc2</a> from smp_act.o(i.smpActPairCnfVerCalc2) referenced 2 times from smpr_sc_sm.o(.constdata)
 <LI><a href="#[128]">smpActPairingCancel</a> from smp_act.o(i.smpActPairingCancel) referenced from smpr_sm.o(.constdata)
 <LI><a href="#[fd]">smpActPairingCmpl</a> from smp_act.o(i.smpActPairingCmpl) referenced 2 times from smpr_sc_sm.o(.constdata)
 <LI><a href="#[127]">smpActPairingFailed</a> from smp_act.o(i.smpActPairingFailed) referenced from smpr_sm.o(.constdata)
 <LI><a href="#[f9]">smpActSendPairCnf</a> from smp_act.o(i.smpActSendPairCnf) referenced 2 times from smpr_sc_sm.o(.constdata)
 <LI><a href="#[f5]">smpActStorePin</a> from smp_act.o(i.smpActStorePin) referenced 2 times from smpr_sc_sm.o(.constdata)
 <LI><a href="#[5b]">smpAuthReq</a> from smp_act.o(i.smpAuthReq) referenced from smpr_sm.o(i.SmprInit)
 <LI><a href="#[57]">smpDmConnCback</a> from smp_main.o(i.smpDmConnCback) referenced from smp_main.o(i.SmpHandlerInit)
 <LI><a href="#[55]">smpL2cCtrlCback</a> from smp_main.o(i.smpL2cCtrlCback) referenced from smp_main.o(i.SmpHandlerInit)
 <LI><a href="#[56]">smpL2cDataCback</a> from smp_main.o(i.smpL2cDataCback) referenced from smp_main.o(i.SmpHandlerInit)
 <LI><a href="#[5a]">smpProcPairing</a> from smp_act.o(i.smpProcPairing) referenced from smpr_sm.o(i.SmprInit)
 <LI><a href="#[11c]">smpScActCalcF5Ltk</a> from smp_sc_act.o(i.smpScActCalcF5Ltk) referenced from smpr_sc_sm.o(.constdata)
 <LI><a href="#[11b]">smpScActCalcF5MacKey</a> from smp_sc_act.o(i.smpScActCalcF5MacKey) referenced from smpr_sc_sm.o(.constdata)
 <LI><a href="#[11a]">smpScActCalcF5TKey</a> from smp_sc_act.o(i.smpScActCalcF5TKey) referenced from smpr_sc_sm.o(.constdata)
 <LI><a href="#[f1]">smpScActCleanup</a> from smp_sc_act.o(i.smpScActCleanup) referenced from smpr_sc_sm.o(.constdata)
 <LI><a href="#[11d]">smpScActDHKeyCalcF6Ea</a> from smp_sc_act.o(i.smpScActDHKeyCalcF6Ea) referenced from smpr_sc_sm.o(.constdata)
 <LI><a href="#[11e]">smpScActDHKeyCalcF6Eb</a> from smp_sc_act.o(i.smpScActDHKeyCalcF6Eb) referenced from smpr_sc_sm.o(.constdata)
 <LI><a href="#[f3]">smpScActPairingCancel</a> from smp_sc_act.o(i.smpScActPairingCancel) referenced from smpr_sc_sm.o(.constdata)
 <LI><a href="#[f2]">smpScActPairingFailed</a> from smp_sc_act.o(i.smpScActPairingFailed) referenced from smpr_sc_sm.o(.constdata)
 <LI><a href="#[10b]">smpScActPkKeypress</a> from smp_sc_act.o(i.smpScActPkKeypress) referenced from smpr_sc_sm.o(.constdata)
 <LI><a href="#[10c]">smpScActPkSendKeypress</a> from smp_sc_act.o(i.smpScActPkSendKeypress) referenced from smpr_sc_sm.o(.constdata)
 <LI><a href="#[10a]">smpScActPkSetup</a> from smp_sc_act.o(i.smpScActPkSetup) referenced from smpr_sc_sm.o(.constdata)
 <LI><a href="#[59]">smpScAuthReq</a> from smp_sc_act.o(i.smpScAuthReq) referenced from smp_sc_main.o(i.SmpScInit)
 <LI><a href="#[58]">smpScProcPairing</a> from smp_sc_act.o(i.smpScProcPairing) referenced from smp_sc_main.o(i.SmpScInit)
 <LI><a href="#[121]">smprActCnfVerify</a> from smpr_act.o(i.smprActCnfVerify) referenced 2 times from smpr_sc_sm.o(.constdata)
 <LI><a href="#[105]">smprActProcPairCnf</a> from smpr_act.o(i.smprActProcPairCnf) referenced 2 times from smpr_sc_sm.o(.constdata)
 <LI><a href="#[120]">smprActProcPairCnfCalc1</a> from smpr_act.o(i.smprActProcPairCnfCalc1) referenced 2 times from smpr_sc_sm.o(.constdata)
 <LI><a href="#[103]">smprActProcPairReq</a> from smpr_act.o(i.smprActProcPairReq) referenced 2 times from smpr_sc_sm.o(.constdata)
 <LI><a href="#[124]">smprActRcvKey</a> from smpr_act.o(i.smprActRcvKey) referenced 2 times from smpr_sc_sm.o(.constdata)
 <LI><a href="#[125]">smprActSendKey</a> from smpr_act.o(i.smprActSendKey) referenced 2 times from smpr_sc_sm.o(.constdata)
 <LI><a href="#[122]">smprActSendPairRandom</a> from smpr_act.o(i.smprActSendPairRandom) referenced 2 times from smpr_sc_sm.o(.constdata)
 <LI><a href="#[104]">smprActSendPairRsp</a> from smpr_act.o(i.smprActSendPairRsp) referenced 2 times from smpr_sc_sm.o(.constdata)
 <LI><a href="#[102]">smprActSendSecurityReq</a> from smpr_act.o(i.smprActSendSecurityReq) referenced 2 times from smpr_sc_sm.o(.constdata)
 <LI><a href="#[123]">smprActSetupKeyDist</a> from smpr_act.o(i.smprActSetupKeyDist) referenced 2 times from smpr_sc_sm.o(.constdata)
 <LI><a href="#[119]">smprScActCalcDHKey</a> from smpr_sc_act.o(i.smprScActCalcDHKey) referenced from smpr_sc_sm.o(.constdata)
 <LI><a href="#[11f]">smprScActDHKeyCheckSend</a> from smpr_sc_act.o(i.smprScActDHKeyCheckSend) referenced from smpr_sc_sm.o(.constdata)
 <LI><a href="#[108]">smprScActJwncCalcG2</a> from smpr_sc_act.o(i.smprScActJwncCalcG2) referenced from smpr_sc_sm.o(.constdata)
 <LI><a href="#[109]">smprScActJwncDisplay</a> from smpr_sc_act.o(i.smprScActJwncDisplay) referenced from smpr_sc_sm.o(.constdata)
 <LI><a href="#[107]">smprScActJwncSendCnf</a> from smpr_sc_act.o(i.smprScActJwncSendCnf) referenced from smpr_sc_sm.o(.constdata)
 <LI><a href="#[106]">smprScActJwncSetup</a> from smpr_sc_act.o(i.smprScActJwncSetup) referenced from smpr_sc_sm.o(.constdata)
 <LI><a href="#[115]">smprScActOobCalcCa</a> from smpr_sc_act.o(i.smprScActOobCalcCa) referenced from smpr_sc_sm.o(.constdata)
 <LI><a href="#[116]">smprScActOobSendRand</a> from smpr_sc_act.o(i.smprScActOobSendRand) referenced from smpr_sc_sm.o(.constdata)
 <LI><a href="#[114]">smprScActOobSetup</a> from smpr_sc_act.o(i.smprScActOobSetup) referenced from smpr_sc_sm.o(.constdata)
 <LI><a href="#[112]">smprScActPkCalcCa</a> from smpr_sc_act.o(i.smprScActPkCalcCa) referenced from smpr_sc_sm.o(.constdata)
 <LI><a href="#[110]">smprScActPkCalcCb</a> from smpr_sc_act.o(i.smprScActPkCalcCb) referenced from smpr_sc_sm.o(.constdata)
 <LI><a href="#[111]">smprScActPkSendCnf</a> from smpr_sc_act.o(i.smprScActPkSendCnf) referenced from smpr_sc_sm.o(.constdata)
 <LI><a href="#[113]">smprScActPkSendRand</a> from smpr_sc_act.o(i.smprScActPkSendRand) referenced from smpr_sc_sm.o(.constdata)
 <LI><a href="#[10d]">smprScActPkStoreCnf</a> from smpr_sc_act.o(i.smprScActPkStoreCnf) referenced from smpr_sc_sm.o(.constdata)
 <LI><a href="#[10e]">smprScActPkStoreCnfAndCalcCb</a> from smpr_sc_act.o(i.smprScActPkStoreCnfAndCalcCb) referenced from smpr_sc_sm.o(.constdata)
 <LI><a href="#[10f]">smprScActPkStorePinAndCalcCb</a> from smpr_sc_act.o(i.smprScActPkStorePinAndCalcCb) referenced from smpr_sc_sm.o(.constdata)
 <LI><a href="#[f4]">smprScActSendPubKey</a> from smpr_sc_act.o(i.smprScActSendPubKey) referenced from smpr_sc_sm.o(.constdata)
 <LI><a href="#[117]">smprScActStoreDhCheck</a> from smpr_sc_act.o(i.smprScActStoreDhCheck) referenced from smpr_sc_sm.o(.constdata)
 <LI><a href="#[f6]">smprScActStoreLescPin</a> from smpr_sc_act.o(i.smprScActStoreLescPin) referenced from smpr_sc_sm.o(.constdata)
 <LI><a href="#[118]">smprScActWaitDhCheck</a> from smpr_sc_act.o(i.smprScActWaitDhCheck) referenced from smpr_sc_sm.o(.constdata)
 <LI><a href="#[5c]">vEventGroupSetBitsCallback</a> from event_groups.o(i.vEventGroupSetBitsCallback) referenced from wsf_os.o(i.WsfSetOsSpecificEvent)
</UL>
<P>
<H3>
Global Symbols
</H3>
<P><STRONG><a name="[f]"></a>Reset_Handler</STRONG> (Thumb, 28 bytes, Stack size 0 bytes, startup_keil.o(RESET))
<BR>[Address Reference Count : 1]<UL><LI> startup_keil.o(RESET)
</UL>
<P><STRONG><a name="[10]"></a>NMI_Handler</STRONG> (Thumb, 2 bytes, Stack size 0 bytes, startup_keil.o(RESET))
<BR><BR>[Calls]<UL><LI><a href="#[10]">&gt;&gt;</a>&nbsp;&nbsp;&nbsp;NMI_Handler
</UL>
<BR>[Called By]<UL><LI><a href="#[10]">&gt;&gt;</a>&nbsp;&nbsp;&nbsp;NMI_Handler
</UL>
<BR>[Address Reference Count : 1]<UL><LI> startup_keil.o(RESET)
</UL>
<P><STRONG><a name="[12]"></a>MemManage_Handler</STRONG> (Thumb, 2 bytes, Stack size 0 bytes, startup_keil.o(RESET))
<BR><BR>[Calls]<UL><LI><a href="#[12]">&gt;&gt;</a>&nbsp;&nbsp;&nbsp;MemManage_Handler
</UL>
<BR>[Called By]<UL><LI><a href="#[12]">&gt;&gt;</a>&nbsp;&nbsp;&nbsp;MemManage_Handler
</UL>
<BR>[Address Reference Count : 1]<UL><LI> startup_keil.o(RESET)
</UL>
<P><STRONG><a name="[13]"></a>BusFault_Handler</STRONG> (Thumb, 2 bytes, Stack size 0 bytes, startup_keil.o(RESET))
<BR><BR>[Calls]<UL><LI><a href="#[13]">&gt;&gt;</a>&nbsp;&nbsp;&nbsp;BusFault_Handler
</UL>
<BR>[Called By]<UL><LI><a href="#[13]">&gt;&gt;</a>&nbsp;&nbsp;&nbsp;BusFault_Handler
</UL>
<BR>[Address Reference Count : 1]<UL><LI> startup_keil.o(RESET)
</UL>
<P><STRONG><a name="[14]"></a>UsageFault_Handler</STRONG> (Thumb, 2 bytes, Stack size 0 bytes, startup_keil.o(RESET))
<BR><BR>[Calls]<UL><LI><a href="#[14]">&gt;&gt;</a>&nbsp;&nbsp;&nbsp;UsageFault_Handler
</UL>
<BR>[Called By]<UL><LI><a href="#[14]">&gt;&gt;</a>&nbsp;&nbsp;&nbsp;UsageFault_Handler
</UL>
<BR>[Address Reference Count : 1]<UL><LI> startup_keil.o(RESET)
</UL>
<P><STRONG><a name="[15]"></a>SecureFault_Handler</STRONG> (Thumb, 2 bytes, Stack size 0 bytes, startup_keil.o(RESET))
<BR><BR>[Calls]<UL><LI><a href="#[15]">&gt;&gt;</a>&nbsp;&nbsp;&nbsp;SecureFault_Handler
</UL>
<BR>[Called By]<UL><LI><a href="#[15]">&gt;&gt;</a>&nbsp;&nbsp;&nbsp;SecureFault_Handler
</UL>
<BR>[Address Reference Count : 1]<UL><LI> startup_keil.o(RESET)
</UL>
<P><STRONG><a name="[17]"></a>DebugMon_Handler</STRONG> (Thumb, 2 bytes, Stack size 0 bytes, startup_keil.o(RESET))
<BR><BR>[Calls]<UL><LI><a href="#[17]">&gt;&gt;</a>&nbsp;&nbsp;&nbsp;DebugMon_Handler
</UL>
<BR>[Called By]<UL><LI><a href="#[17]">&gt;&gt;</a>&nbsp;&nbsp;&nbsp;DebugMon_Handler
</UL>
<BR>[Address Reference Count : 1]<UL><LI> startup_keil.o(RESET)
</UL>
<P><STRONG><a name="[2c]"></a>am_adc_isr</STRONG> (Thumb, 0 bytes, Stack size 0 bytes, startup_keil.o(RESET))
<BR><BR>[Calls]<UL><LI><a href="#[2c]">&gt;&gt;</a>&nbsp;&nbsp;&nbsp;am_adc_isr
</UL>
<BR>[Called By]<UL><LI><a href="#[2c]">&gt;&gt;</a>&nbsp;&nbsp;&nbsp;am_adc_isr
</UL>
<BR>[Address Reference Count : 1]<UL><LI> startup_keil.o(RESET)
</UL>
<P><STRONG><a name="[1a]"></a>am_brownout_isr</STRONG> (Thumb, 0 bytes, Stack size 0 bytes, startup_keil.o(RESET))
<BR>[Address Reference Count : 1]<UL><LI> startup_keil.o(RESET)
</UL>
<P><STRONG><a name="[39]"></a>am_clkgen_isr</STRONG> (Thumb, 0 bytes, Stack size 0 bytes, startup_keil.o(RESET))
<BR>[Address Reference Count : 1]<UL><LI> startup_keil.o(RESET)
</UL>
<P><STRONG><a name="[27]"></a>am_gpio_isr</STRONG> (Thumb, 0 bytes, Stack size 0 bytes, startup_keil.o(RESET))
<BR>[Address Reference Count : 1]<UL><LI> startup_keil.o(RESET)
</UL>
<P><STRONG><a name="[20]"></a>am_iomaster0_isr</STRONG> (Thumb, 0 bytes, Stack size 0 bytes, startup_keil.o(RESET))
<BR>[Address Reference Count : 1]<UL><LI> startup_keil.o(RESET)
</UL>
<P><STRONG><a name="[21]"></a>am_iomaster1_isr</STRONG> (Thumb, 0 bytes, Stack size 0 bytes, startup_keil.o(RESET))
<BR>[Address Reference Count : 1]<UL><LI> startup_keil.o(RESET)
</UL>
<P><STRONG><a name="[22]"></a>am_iomaster2_isr</STRONG> (Thumb, 0 bytes, Stack size 0 bytes, startup_keil.o(RESET))
<BR>[Address Reference Count : 1]<UL><LI> startup_keil.o(RESET)
</UL>
<P><STRONG><a name="[23]"></a>am_iomaster3_isr</STRONG> (Thumb, 0 bytes, Stack size 0 bytes, startup_keil.o(RESET))
<BR>[Address Reference Count : 1]<UL><LI> startup_keil.o(RESET)
</UL>
<P><STRONG><a name="[24]"></a>am_iomaster4_isr</STRONG> (Thumb, 0 bytes, Stack size 0 bytes, startup_keil.o(RESET))
<BR>[Address Reference Count : 1]<UL><LI> startup_keil.o(RESET)
</UL>
<P><STRONG><a name="[25]"></a>am_iomaster5_isr</STRONG> (Thumb, 0 bytes, Stack size 0 bytes, startup_keil.o(RESET))
<BR>[Address Reference Count : 1]<UL><LI> startup_keil.o(RESET)
</UL>
<P><STRONG><a name="[1f]"></a>am_ioslave_acc_isr</STRONG> (Thumb, 0 bytes, Stack size 0 bytes, startup_keil.o(RESET))
<BR>[Address Reference Count : 1]<UL><LI> startup_keil.o(RESET)
</UL>
<P><STRONG><a name="[1e]"></a>am_ioslave_ios_isr</STRONG> (Thumb, 0 bytes, Stack size 0 bytes, startup_keil.o(RESET))
<BR>[Address Reference Count : 1]<UL><LI> startup_keil.o(RESET)
</UL>
<P><STRONG><a name="[2e]"></a>am_mspi0_isr</STRONG> (Thumb, 0 bytes, Stack size 0 bytes, startup_keil.o(RESET))
<BR>[Address Reference Count : 1]<UL><LI> startup_keil.o(RESET)
</UL>
<P><STRONG><a name="[2d]"></a>am_pdm0_isr</STRONG> (Thumb, 0 bytes, Stack size 0 bytes, startup_keil.o(RESET))
<BR>[Address Reference Count : 1]<UL><LI> startup_keil.o(RESET)
</UL>
<P><STRONG><a name="[1c]"></a>am_rtc_isr</STRONG> (Thumb, 0 bytes, Stack size 0 bytes, startup_keil.o(RESET))
<BR>[Address Reference Count : 1]<UL><LI> startup_keil.o(RESET)
</UL>
<P><STRONG><a name="[2b]"></a>am_scard_isr</STRONG> (Thumb, 0 bytes, Stack size 0 bytes, startup_keil.o(RESET))
<BR>[Address Reference Count : 1]<UL><LI> startup_keil.o(RESET)
</UL>
<P><STRONG><a name="[2f]"></a>am_software0_isr</STRONG> (Thumb, 0 bytes, Stack size 0 bytes, startup_keil.o(RESET))
<BR>[Address Reference Count : 1]<UL><LI> startup_keil.o(RESET)
</UL>
<P><STRONG><a name="[33]"></a>am_stimer_cmpr2_isr</STRONG> (Thumb, 0 bytes, Stack size 0 bytes, startup_keil.o(RESET))
<BR>[Address Reference Count : 1]<UL><LI> startup_keil.o(RESET)
</UL>
<P><STRONG><a name="[34]"></a>am_stimer_cmpr3_isr</STRONG> (Thumb, 0 bytes, Stack size 0 bytes, startup_keil.o(RESET))
<BR>[Address Reference Count : 1]<UL><LI> startup_keil.o(RESET)
</UL>
<P><STRONG><a name="[35]"></a>am_stimer_cmpr4_isr</STRONG> (Thumb, 0 bytes, Stack size 0 bytes, startup_keil.o(RESET))
<BR>[Address Reference Count : 1]<UL><LI> startup_keil.o(RESET)
</UL>
<P><STRONG><a name="[36]"></a>am_stimer_cmpr5_isr</STRONG> (Thumb, 0 bytes, Stack size 0 bytes, startup_keil.o(RESET))
<BR>[Address Reference Count : 1]<UL><LI> startup_keil.o(RESET)
</UL>
<P><STRONG><a name="[37]"></a>am_stimer_cmpr6_isr</STRONG> (Thumb, 0 bytes, Stack size 0 bytes, startup_keil.o(RESET))
<BR>[Address Reference Count : 1]<UL><LI> startup_keil.o(RESET)
</UL>
<P><STRONG><a name="[38]"></a>am_stimer_cmpr7_isr</STRONG> (Thumb, 0 bytes, Stack size 0 bytes, startup_keil.o(RESET))
<BR>[Address Reference Count : 1]<UL><LI> startup_keil.o(RESET)
</UL>
<P><STRONG><a name="[30]"></a>am_stimer_isr</STRONG> (Thumb, 0 bytes, Stack size 0 bytes, startup_keil.o(RESET))
<BR>[Address Reference Count : 1]<UL><LI> startup_keil.o(RESET)
</UL>
<P><STRONG><a name="[12a]"></a>am_uart0_isr</STRONG> (Thumb, 0 bytes, Stack size 0 bytes, startup_keil.o(RESET), UNUSED, KEPT)

<P><STRONG><a name="[2a]"></a>am_uart1_isr</STRONG> (Thumb, 0 bytes, Stack size 0 bytes, startup_keil.o(RESET))
<BR>[Address Reference Count : 1]<UL><LI> startup_keil.o(RESET)
</UL>
<P><STRONG><a name="[1d]"></a>am_vcomp_isr</STRONG> (Thumb, 0 bytes, Stack size 0 bytes, startup_keil.o(RESET))
<BR>[Address Reference Count : 1]<UL><LI> startup_keil.o(RESET)
</UL>
<P><STRONG><a name="[1b]"></a>am_watchdog_isr</STRONG> (Thumb, 0 bytes, Stack size 0 bytes, startup_keil.o(RESET))
<BR>[Address Reference Count : 1]<UL><LI> startup_keil.o(RESET)
</UL>
<P><STRONG><a name="[129]"></a>__main</STRONG> (Thumb, 8 bytes, Stack size 0 bytes, __main.o(!!!main))
<BR><BR>[Calls]<UL><LI><a href="#[12c]">&gt;&gt;</a>&nbsp;&nbsp;&nbsp;__rt_entry
<LI><a href="#[12b]">&gt;&gt;</a>&nbsp;&nbsp;&nbsp;__scatterload
</UL>

<P><STRONG><a name="[12b]"></a>__scatterload</STRONG> (Thumb, 0 bytes, Stack size unknown bytes, __scatter.o(!!!scatter))
<BR><BR>[Called By]<UL><LI><a href="#[129]">&gt;&gt;</a>&nbsp;&nbsp;&nbsp;__main
</UL>

<P><STRONG><a name="[12d]"></a>__scatterload_rt2</STRONG> (Thumb, 44 bytes, Stack size unknown bytes, __scatter.o(!!!scatter), UNUSED)
<BR><BR>[Calls]<UL><LI><a href="#[12c]">&gt;&gt;</a>&nbsp;&nbsp;&nbsp;__rt_entry
</UL>

<P><STRONG><a name="[451]"></a>__scatterload_rt2_thumb_only</STRONG> (Thumb, 0 bytes, Stack size unknown bytes, __scatter.o(!!!scatter), UNUSED)

<P><STRONG><a name="[452]"></a>__scatterload_null</STRONG> (Thumb, 0 bytes, Stack size unknown bytes, __scatter.o(!!!scatter), UNUSED)

<P><STRONG><a name="[453]"></a>__decompress</STRONG> (Thumb, 100 bytes, Stack size unknown bytes, __dclz77c.o(!!dclz77c), UNUSED)

<P><STRONG><a name="[454]"></a>__decompress2</STRONG> (Thumb, 0 bytes, Stack size unknown bytes, __dclz77c.o(!!dclz77c), UNUSED)

<P><STRONG><a name="[455]"></a>__scatterload_zeroinit</STRONG> (Thumb, 28 bytes, Stack size unknown bytes, __scatter_zi.o(!!handler_zi), UNUSED)

<P><STRONG><a name="[133]"></a>__rt_lib_init</STRONG> (Thumb, 0 bytes, Stack size unknown bytes, libinit.o(.ARM.Collect$$libinit$$00000000))
<BR><BR>[Called By]<UL><LI><a href="#[132]">&gt;&gt;</a>&nbsp;&nbsp;&nbsp;__rt_entry_li
</UL>

<P><STRONG><a name="[12e]"></a>__rt_lib_init_fp_1</STRONG> (Thumb, 0 bytes, Stack size unknown bytes, libinit2.o(.ARM.Collect$$libinit$$00000001))
<BR><BR>[Calls]<UL><LI><a href="#[12f]">&gt;&gt;</a>&nbsp;&nbsp;&nbsp;_fp_init
</UL>

<P><STRONG><a name="[456]"></a>__rt_lib_init_alloca_1</STRONG> (Thumb, 0 bytes, Stack size unknown bytes, libinit2.o(.ARM.Collect$$libinit$$0000002E))

<P><STRONG><a name="[457]"></a>__rt_lib_init_argv_1</STRONG> (Thumb, 0 bytes, Stack size unknown bytes, libinit2.o(.ARM.Collect$$libinit$$0000002C))

<P><STRONG><a name="[458]"></a>__rt_lib_init_atexit_1</STRONG> (Thumb, 0 bytes, Stack size unknown bytes, libinit2.o(.ARM.Collect$$libinit$$0000001B))

<P><STRONG><a name="[459]"></a>__rt_lib_init_clock_1</STRONG> (Thumb, 0 bytes, Stack size unknown bytes, libinit2.o(.ARM.Collect$$libinit$$00000021))

<P><STRONG><a name="[45a]"></a>__rt_lib_init_cpp_1</STRONG> (Thumb, 0 bytes, Stack size unknown bytes, libinit2.o(.ARM.Collect$$libinit$$00000032))

<P><STRONG><a name="[45b]"></a>__rt_lib_init_exceptions_1</STRONG> (Thumb, 0 bytes, Stack size unknown bytes, libinit2.o(.ARM.Collect$$libinit$$00000030))

<P><STRONG><a name="[45c]"></a>__rt_lib_init_fp_trap_1</STRONG> (Thumb, 0 bytes, Stack size unknown bytes, libinit2.o(.ARM.Collect$$libinit$$0000001F))

<P><STRONG><a name="[45d]"></a>__rt_lib_init_getenv_1</STRONG> (Thumb, 0 bytes, Stack size unknown bytes, libinit2.o(.ARM.Collect$$libinit$$00000023))

<P><STRONG><a name="[45e]"></a>__rt_lib_init_heap_1</STRONG> (Thumb, 0 bytes, Stack size unknown bytes, libinit2.o(.ARM.Collect$$libinit$$0000000A))

<P><STRONG><a name="[45f]"></a>__rt_lib_init_lc_collate_1</STRONG> (Thumb, 0 bytes, Stack size unknown bytes, libinit2.o(.ARM.Collect$$libinit$$00000011))

<P><STRONG><a name="[460]"></a>__rt_lib_init_lc_ctype_1</STRONG> (Thumb, 0 bytes, Stack size unknown bytes, libinit2.o(.ARM.Collect$$libinit$$00000013))

<P><STRONG><a name="[461]"></a>__rt_lib_init_lc_monetary_1</STRONG> (Thumb, 0 bytes, Stack size unknown bytes, libinit2.o(.ARM.Collect$$libinit$$00000015))

<P><STRONG><a name="[462]"></a>__rt_lib_init_lc_numeric_1</STRONG> (Thumb, 0 bytes, Stack size unknown bytes, libinit2.o(.ARM.Collect$$libinit$$00000017))

<P><STRONG><a name="[463]"></a>__rt_lib_init_lc_time_1</STRONG> (Thumb, 0 bytes, Stack size unknown bytes, libinit2.o(.ARM.Collect$$libinit$$00000019))

<P><STRONG><a name="[464]"></a>__rt_lib_init_preinit_1</STRONG> (Thumb, 0 bytes, Stack size unknown bytes, libinit2.o(.ARM.Collect$$libinit$$00000004))

<P><STRONG><a name="[465]"></a>__rt_lib_init_rand_1</STRONG> (Thumb, 0 bytes, Stack size unknown bytes, libinit2.o(.ARM.Collect$$libinit$$0000000E))

<P><STRONG><a name="[466]"></a>__rt_lib_init_return</STRONG> (Thumb, 0 bytes, Stack size unknown bytes, libinit2.o(.ARM.Collect$$libinit$$00000033))

<P><STRONG><a name="[467]"></a>__rt_lib_init_signal_1</STRONG> (Thumb, 0 bytes, Stack size unknown bytes, libinit2.o(.ARM.Collect$$libinit$$0000001D))

<P><STRONG><a name="[468]"></a>__rt_lib_init_stdio_1</STRONG> (Thumb, 0 bytes, Stack size unknown bytes, libinit2.o(.ARM.Collect$$libinit$$00000025))

<P><STRONG><a name="[469]"></a>__rt_lib_init_user_alloc_1</STRONG> (Thumb, 0 bytes, Stack size unknown bytes, libinit2.o(.ARM.Collect$$libinit$$0000000C))

<P><STRONG><a name="[138]"></a>__rt_lib_shutdown</STRONG> (Thumb, 0 bytes, Stack size unknown bytes, libshutdown.o(.ARM.Collect$$libshutdown$$00000000))
<BR><BR>[Called By]<UL><LI><a href="#[137]">&gt;&gt;</a>&nbsp;&nbsp;&nbsp;__rt_exit_ls
</UL>

<P><STRONG><a name="[46a]"></a>__rt_lib_shutdown_cpp_1</STRONG> (Thumb, 0 bytes, Stack size unknown bytes, libshutdown2.o(.ARM.Collect$$libshutdown$$00000002))

<P><STRONG><a name="[46b]"></a>__rt_lib_shutdown_fp_trap_1</STRONG> (Thumb, 0 bytes, Stack size unknown bytes, libshutdown2.o(.ARM.Collect$$libshutdown$$00000007))

<P><STRONG><a name="[46c]"></a>__rt_lib_shutdown_heap_1</STRONG> (Thumb, 0 bytes, Stack size unknown bytes, libshutdown2.o(.ARM.Collect$$libshutdown$$0000000F))

<P><STRONG><a name="[46d]"></a>__rt_lib_shutdown_return</STRONG> (Thumb, 0 bytes, Stack size unknown bytes, libshutdown2.o(.ARM.Collect$$libshutdown$$00000010))

<P><STRONG><a name="[46e]"></a>__rt_lib_shutdown_signal_1</STRONG> (Thumb, 0 bytes, Stack size unknown bytes, libshutdown2.o(.ARM.Collect$$libshutdown$$0000000A))

<P><STRONG><a name="[46f]"></a>__rt_lib_shutdown_stdio_1</STRONG> (Thumb, 0 bytes, Stack size unknown bytes, libshutdown2.o(.ARM.Collect$$libshutdown$$00000004))

<P><STRONG><a name="[470]"></a>__rt_lib_shutdown_user_alloc_1</STRONG> (Thumb, 0 bytes, Stack size unknown bytes, libshutdown2.o(.ARM.Collect$$libshutdown$$0000000C))

<P><STRONG><a name="[12c]"></a>__rt_entry</STRONG> (Thumb, 0 bytes, Stack size unknown bytes, __rtentry.o(.ARM.Collect$$rtentry$$00000000))
<BR><BR>[Called By]<UL><LI><a href="#[129]">&gt;&gt;</a>&nbsp;&nbsp;&nbsp;__main
<LI><a href="#[12d]">&gt;&gt;</a>&nbsp;&nbsp;&nbsp;__scatterload_rt2
</UL>

<P><STRONG><a name="[471]"></a>__rt_entry_presh_1</STRONG> (Thumb, 0 bytes, Stack size unknown bytes, __rtentry2.o(.ARM.Collect$$rtentry$$00000002))

<P><STRONG><a name="[130]"></a>__rt_entry_sh</STRONG> (Thumb, 0 bytes, Stack size unknown bytes, __rtentry4.o(.ARM.Collect$$rtentry$$00000004))
<BR><BR>[Stack]<UL><LI>Max Depth = 8 + Unknown Stack Size
<LI>Call Chain = __rt_entry_sh &rArr; __user_setup_stackheap
</UL>
<BR>[Calls]<UL><LI><a href="#[131]">&gt;&gt;</a>&nbsp;&nbsp;&nbsp;__user_setup_stackheap
</UL>

<P><STRONG><a name="[132]"></a>__rt_entry_li</STRONG> (Thumb, 0 bytes, Stack size unknown bytes, __rtentry2.o(.ARM.Collect$$rtentry$$0000000A))
<BR><BR>[Calls]<UL><LI><a href="#[133]">&gt;&gt;</a>&nbsp;&nbsp;&nbsp;__rt_lib_init
</UL>

<P><STRONG><a name="[472]"></a>__rt_entry_postsh_1</STRONG> (Thumb, 0 bytes, Stack size unknown bytes, __rtentry2.o(.ARM.Collect$$rtentry$$00000009))

<P><STRONG><a name="[134]"></a>__rt_entry_main</STRONG> (Thumb, 0 bytes, Stack size unknown bytes, __rtentry2.o(.ARM.Collect$$rtentry$$0000000D))
<BR><BR>[Stack]<UL><LI>Max Depth = 292 + Unknown Stack Size
<LI>Call Chain = __rt_entry_main &rArr; main &rArr; am_util_stdio_printf &rArr; am_util_stdio_vsprintf &rArr; ftoa &rArr; uint64_to_str &rArr; divu64_10
</UL>
<BR>[Calls]<UL><LI><a href="#[135]">&gt;&gt;</a>&nbsp;&nbsp;&nbsp;main
<LI><a href="#[136]">&gt;&gt;</a>&nbsp;&nbsp;&nbsp;exit
</UL>

<P><STRONG><a name="[473]"></a>__rt_entry_postli_1</STRONG> (Thumb, 0 bytes, Stack size unknown bytes, __rtentry2.o(.ARM.Collect$$rtentry$$0000000C))

<P><STRONG><a name="[145]"></a>__rt_exit</STRONG> (Thumb, 0 bytes, Stack size unknown bytes, rtexit.o(.ARM.Collect$$rtexit$$00000000))
<BR><BR>[Called By]<UL><LI><a href="#[136]">&gt;&gt;</a>&nbsp;&nbsp;&nbsp;exit
</UL>

<P><STRONG><a name="[137]"></a>__rt_exit_ls</STRONG> (Thumb, 0 bytes, Stack size unknown bytes, rtexit2.o(.ARM.Collect$$rtexit$$00000003))
<BR><BR>[Calls]<UL><LI><a href="#[138]">&gt;&gt;</a>&nbsp;&nbsp;&nbsp;__rt_lib_shutdown
</UL>

<P><STRONG><a name="[474]"></a>__rt_exit_prels_1</STRONG> (Thumb, 0 bytes, Stack size unknown bytes, rtexit2.o(.ARM.Collect$$rtexit$$00000002))

<P><STRONG><a name="[139]"></a>__rt_exit_exit</STRONG> (Thumb, 0 bytes, Stack size unknown bytes, rtexit2.o(.ARM.Collect$$rtexit$$00000004))
<BR><BR>[Calls]<UL><LI><a href="#[13a]">&gt;&gt;</a>&nbsp;&nbsp;&nbsp;_sys_exit
</UL>

<P><STRONG><a name="[16]"></a>SVC_Handler</STRONG> (Thumb, 28 bytes, Stack size 0 bytes, port.o(.emb_text))
<BR>[Address Reference Count : 1]<UL><LI> startup_keil.o(RESET)
</UL>
<P><STRONG><a name="[449]"></a>__asm___6_port_c_39a90d8d__prvStartFirstTask</STRONG> (Thumb, 36 bytes, Stack size 0 bytes, port.o(.emb_text))
<BR><BR>[Called By]<UL><LI><a href="#[43b]">&gt;&gt;</a>&nbsp;&nbsp;&nbsp;xPortStartScheduler
</UL>

<P><STRONG><a name="[448]"></a>__asm___6_port_c_39a90d8d__prvEnableVFP</STRONG> (Thumb, 16 bytes, Stack size 0 bytes, port.o(.emb_text))
<BR><BR>[Called By]<UL><LI><a href="#[43b]">&gt;&gt;</a>&nbsp;&nbsp;&nbsp;xPortStartScheduler
</UL>

<P><STRONG><a name="[18]"></a>PendSV_Handler</STRONG> (Thumb, 88 bytes, Stack size 0 bytes, port.o(.emb_text))
<BR><BR>[Stack]<UL><LI>Max Depth = 16<LI>Call Chain = PendSV_Handler &rArr; vTaskSwitchContext
</UL>
<BR>[Calls]<UL><LI><a href="#[13b]">&gt;&gt;</a>&nbsp;&nbsp;&nbsp;vTaskSwitchContext
</UL>
<BR>[Address Reference Count : 1]<UL><LI> startup_keil.o(RESET)
</UL>
<P><STRONG><a name="[435]"></a>vPortGetIPSR</STRONG> (Thumb, 6 bytes, Stack size 0 bytes, port.o(.emb_text))
<BR><BR>[Called By]<UL><LI><a href="#[434]">&gt;&gt;</a>&nbsp;&nbsp;&nbsp;vPortValidateInterruptPriority
</UL>

<P><STRONG><a name="[11]"></a>HardFault_Handler</STRONG> (Thumb, 26 bytes, Stack size 0 bytes, am_util_faultisr.o(.emb_text))
<BR><BR>[Stack]<UL><LI>Max Depth = 76<LI>Call Chain = HardFault_Handler &rArr; am_util_faultisr_collect_data &rArr; __aeabi_memclr4
</UL>
<BR>[Calls]<UL><LI><a href="#[13c]">&gt;&gt;</a>&nbsp;&nbsp;&nbsp;am_util_faultisr_collect_data
</UL>
<BR>[Address Reference Count : 1]<UL><LI> startup_keil.o(RESET)
</UL>
<P><STRONG><a name="[320]"></a>getStackedReg</STRONG> (Thumb, 8 bytes, Stack size 0 bytes, am_util_faultisr.o(.emb_text))
<BR><BR>[Called By]<UL><LI><a href="#[13c]">&gt;&gt;</a>&nbsp;&nbsp;&nbsp;am_util_faultisr_collect_data
</UL>

<P><STRONG><a name="[475]"></a>am_hal_interrupt_master_enable</STRONG> (Thumb, 8 bytes, Stack size 0 bytes, am_hal_interrupt.o(.emb_text), UNUSED)

<P><STRONG><a name="[305]"></a>am_hal_interrupt_master_disable</STRONG> (Thumb, 8 bytes, Stack size 0 bytes, am_hal_interrupt.o(.emb_text))
<BR><BR>[Called By]<UL><LI><a href="#[31a]">&gt;&gt;</a>&nbsp;&nbsp;&nbsp;am_hal_stimer_compare_delta_set
<LI><a href="#[26a]">&gt;&gt;</a>&nbsp;&nbsp;&nbsp;am_hal_queue_item_get
<LI><a href="#[319]">&gt;&gt;</a>&nbsp;&nbsp;&nbsp;am_hal_queue_item_add
<LI><a href="#[275]">&gt;&gt;</a>&nbsp;&nbsp;&nbsp;am_hal_ble_int_enable
<LI><a href="#[303]">&gt;&gt;</a>&nbsp;&nbsp;&nbsp;am_hal_sysctrl_sleep
<LI><a href="#[2fa]">&gt;&gt;</a>&nbsp;&nbsp;&nbsp;am_hal_ctimer_int_status_get
<LI><a href="#[2fb]">&gt;&gt;</a>&nbsp;&nbsp;&nbsp;am_hal_ctimer_int_clear
<LI><a href="#[31b]">&gt;&gt;</a>&nbsp;&nbsp;&nbsp;am_hal_sysctrl_fpu_stacking_enable
<LI><a href="#[312]">&gt;&gt;</a>&nbsp;&nbsp;&nbsp;am_hal_cachectrl_config
<LI><a href="#[2f9]">&gt;&gt;</a>&nbsp;&nbsp;&nbsp;am_hal_gpio_state_write
<LI><a href="#[2f4]">&gt;&gt;</a>&nbsp;&nbsp;&nbsp;am_hal_gpio_pinconfig
<LI><a href="#[313]">&gt;&gt;</a>&nbsp;&nbsp;&nbsp;am_hal_cachectrl_control
<LI><a href="#[311]">&gt;&gt;</a>&nbsp;&nbsp;&nbsp;am_hal_pwrctrl_periph_enable
<LI><a href="#[310]">&gt;&gt;</a>&nbsp;&nbsp;&nbsp;am_hal_pwrctrl_periph_disable
<LI><a href="#[30f]">&gt;&gt;</a>&nbsp;&nbsp;&nbsp;am_hal_pwrctrl_blebuck_trim
<LI><a href="#[304]">&gt;&gt;</a>&nbsp;&nbsp;&nbsp;am_hal_ble_blocking_transfer
<LI><a href="#[2f7]">&gt;&gt;</a>&nbsp;&nbsp;&nbsp;am_hal_pwrctrl_low_power_init
</UL>

<P><STRONG><a name="[306]"></a>am_hal_interrupt_master_set</STRONG> (Thumb, 6 bytes, Stack size 0 bytes, am_hal_interrupt.o(.emb_text))
<BR><BR>[Called By]<UL><LI><a href="#[31a]">&gt;&gt;</a>&nbsp;&nbsp;&nbsp;am_hal_stimer_compare_delta_set
<LI><a href="#[26a]">&gt;&gt;</a>&nbsp;&nbsp;&nbsp;am_hal_queue_item_get
<LI><a href="#[319]">&gt;&gt;</a>&nbsp;&nbsp;&nbsp;am_hal_queue_item_add
<LI><a href="#[275]">&gt;&gt;</a>&nbsp;&nbsp;&nbsp;am_hal_ble_int_enable
<LI><a href="#[303]">&gt;&gt;</a>&nbsp;&nbsp;&nbsp;am_hal_sysctrl_sleep
<LI><a href="#[2fa]">&gt;&gt;</a>&nbsp;&nbsp;&nbsp;am_hal_ctimer_int_status_get
<LI><a href="#[2fb]">&gt;&gt;</a>&nbsp;&nbsp;&nbsp;am_hal_ctimer_int_clear
<LI><a href="#[31b]">&gt;&gt;</a>&nbsp;&nbsp;&nbsp;am_hal_sysctrl_fpu_stacking_enable
<LI><a href="#[312]">&gt;&gt;</a>&nbsp;&nbsp;&nbsp;am_hal_cachectrl_config
<LI><a href="#[2f9]">&gt;&gt;</a>&nbsp;&nbsp;&nbsp;am_hal_gpio_state_write
<LI><a href="#[2f4]">&gt;&gt;</a>&nbsp;&nbsp;&nbsp;am_hal_gpio_pinconfig
<LI><a href="#[313]">&gt;&gt;</a>&nbsp;&nbsp;&nbsp;am_hal_cachectrl_control
<LI><a href="#[311]">&gt;&gt;</a>&nbsp;&nbsp;&nbsp;am_hal_pwrctrl_periph_enable
<LI><a href="#[310]">&gt;&gt;</a>&nbsp;&nbsp;&nbsp;am_hal_pwrctrl_periph_disable
<LI><a href="#[30f]">&gt;&gt;</a>&nbsp;&nbsp;&nbsp;am_hal_pwrctrl_blebuck_trim
<LI><a href="#[304]">&gt;&gt;</a>&nbsp;&nbsp;&nbsp;am_hal_ble_blocking_transfer
<LI><a href="#[2f7]">&gt;&gt;</a>&nbsp;&nbsp;&nbsp;am_hal_pwrctrl_low_power_init
</UL>

<P><STRONG><a name="[144]"></a>__user_initial_stackheap</STRONG> (Thumb, 10 bytes, Stack size 0 bytes, startup_keil.o(.text))
<BR><BR>[Called By]<UL><LI><a href="#[131]">&gt;&gt;</a>&nbsp;&nbsp;&nbsp;__user_setup_stackheap
</UL>

<P><STRONG><a name="[15c]"></a>memcmp</STRONG> (Thumb, 88 bytes, Stack size 8 bytes, memcmp.o(.text))
<BR><BR>[Stack]<UL><LI>Max Depth = 8<LI>Call Chain = memcmp
</UL>
<BR>[Called By]<UL><LI><a href="#[1f7]">&gt;&gt;</a>&nbsp;&nbsp;&nbsp;BdaIsZeros
<LI><a href="#[15a]">&gt;&gt;</a>&nbsp;&nbsp;&nbsp;BdaCmp
<LI><a href="#[34b]">&gt;&gt;</a>&nbsp;&nbsp;&nbsp;attUuidCmp16to128
<LI><a href="#[354]">&gt;&gt;</a>&nbsp;&nbsp;&nbsp;attcUuidCmp
<LI><a href="#[366]">&gt;&gt;</a>&nbsp;&nbsp;&nbsp;attsUuidCmp
<LI><a href="#[6]">&gt;&gt;</a>&nbsp;&nbsp;&nbsp;attsProcReadTypeReq
<LI><a href="#[5]">&gt;&gt;</a>&nbsp;&nbsp;&nbsp;attsProcFindTypeReq
<LI><a href="#[ed]">&gt;&gt;</a>&nbsp;&nbsp;&nbsp;dmSecHciHandler
<LI><a href="#[db]">&gt;&gt;</a>&nbsp;&nbsp;&nbsp;dmPrivActResAddrAesCmpl
<LI><a href="#[121]">&gt;&gt;</a>&nbsp;&nbsp;&nbsp;smprActCnfVerify
<LI><a href="#[113]">&gt;&gt;</a>&nbsp;&nbsp;&nbsp;smprScActPkSendRand
<LI><a href="#[116]">&gt;&gt;</a>&nbsp;&nbsp;&nbsp;smprScActOobSendRand
<LI><a href="#[11f]">&gt;&gt;</a>&nbsp;&nbsp;&nbsp;smprScActDHKeyCheckSend
<LI><a href="#[15b]">&gt;&gt;</a>&nbsp;&nbsp;&nbsp;AppDbFindByLtkReq
<LI><a href="#[171]">&gt;&gt;</a>&nbsp;&nbsp;&nbsp;AppDiscProcAttMsg
<LI><a href="#[1bd]">&gt;&gt;</a>&nbsp;&nbsp;&nbsp;appSecFindLtk
<LI><a href="#[1f8]">&gt;&gt;</a>&nbsp;&nbsp;&nbsp;beaconScannerProcMsg
</UL>

<P><STRONG><a name="[163]"></a>__aeabi_memcpy</STRONG> (Thumb, 0 bytes, Stack size 0 bytes, rt_memcpy_v6.o(.text))
<BR><BR>[Called By]<UL><LI><a href="#[292]">&gt;&gt;</a>&nbsp;&nbsp;&nbsp;HciLeStartEncryptionCmd
<LI><a href="#[291]">&gt;&gt;</a>&nbsp;&nbsp;&nbsp;HciLeSetScanRespDataCmd
<LI><a href="#[288]">&gt;&gt;</a>&nbsp;&nbsp;&nbsp;HciLeSetAdvDataCmd
<LI><a href="#[27c]">&gt;&gt;</a>&nbsp;&nbsp;&nbsp;HciLeLtkReqReplCmd
<LI><a href="#[27a]">&gt;&gt;</a>&nbsp;&nbsp;&nbsp;HciLeEncryptCmd
<LI><a href="#[277]">&gt;&gt;</a>&nbsp;&nbsp;&nbsp;HciLeAddDeviceToResolvingListCmd
<LI><a href="#[1a4]">&gt;&gt;</a>&nbsp;&nbsp;&nbsp;AttsCsfGetFeatures
<LI><a href="#[92]">&gt;&gt;</a>&nbsp;&nbsp;&nbsp;hciEvtParseReadPubKeyCmdCmpl
<LI><a href="#[88]">&gt;&gt;</a>&nbsp;&nbsp;&nbsp;hciEvtParseLeEncryptCmdCmpl
<LI><a href="#[93]">&gt;&gt;</a>&nbsp;&nbsp;&nbsp;hciEvtParseGenDhKeyCmdCmpl
<LI><a href="#[256]">&gt;&gt;</a>&nbsp;&nbsp;&nbsp;hciCoreAclReassembly
<LI><a href="#[3cf]">&gt;&gt;</a>&nbsp;&nbsp;&nbsp;hciEvtProcessLePerAdvReport
<LI><a href="#[3ce]">&gt;&gt;</a>&nbsp;&nbsp;&nbsp;hciEvtProcessLeExtAdvReport
<LI><a href="#[3cc]">&gt;&gt;</a>&nbsp;&nbsp;&nbsp;hciEvtProcessLeAdvReport
<LI><a href="#[7f]">&gt;&gt;</a>&nbsp;&nbsp;&nbsp;hciEvtParseVendorSpecCmdCmpl
<LI><a href="#[80]">&gt;&gt;</a>&nbsp;&nbsp;&nbsp;hciEvtParseVendorSpec
<LI><a href="#[206]">&gt;&gt;</a>&nbsp;&nbsp;&nbsp;Calc128Cpy
<LI><a href="#[1f4]">&gt;&gt;</a>&nbsp;&nbsp;&nbsp;AttsSetAttr
<LI><a href="#[35e]">&gt;&gt;</a>&nbsp;&nbsp;&nbsp;attsCheckPendDbHashReadRsp
<LI><a href="#[1df]">&gt;&gt;</a>&nbsp;&nbsp;&nbsp;AttcWriteCmd
<LI><a href="#[a7]">&gt;&gt;</a>&nbsp;&nbsp;&nbsp;attcSendPrepWriteReq
<LI><a href="#[1e0]">&gt;&gt;</a>&nbsp;&nbsp;&nbsp;AttcWriteReq
<LI><a href="#[1d3]">&gt;&gt;</a>&nbsp;&nbsp;&nbsp;AttcReadByTypeReq
<LI><a href="#[1d6]">&gt;&gt;</a>&nbsp;&nbsp;&nbsp;AttcFindByTypeValueReq
<LI><a href="#[20d]">&gt;&gt;</a>&nbsp;&nbsp;&nbsp;DmAdvSetData
<LI><a href="#[364]">&gt;&gt;</a>&nbsp;&nbsp;&nbsp;attsExecPrepWrite
<LI><a href="#[b]">&gt;&gt;</a>&nbsp;&nbsp;&nbsp;attsProcWrite
<LI><a href="#[6]">&gt;&gt;</a>&nbsp;&nbsp;&nbsp;attsProcReadTypeReq
<LI><a href="#[7]">&gt;&gt;</a>&nbsp;&nbsp;&nbsp;attsProcReadReq
<LI><a href="#[9]">&gt;&gt;</a>&nbsp;&nbsp;&nbsp;attsProcReadMultReq
<LI><a href="#[a]">&gt;&gt;</a>&nbsp;&nbsp;&nbsp;attsProcReadGroupTypeReq
<LI><a href="#[8]">&gt;&gt;</a>&nbsp;&nbsp;&nbsp;attsProcReadBlobReq
<LI><a href="#[c]">&gt;&gt;</a>&nbsp;&nbsp;&nbsp;attsProcPrepWriteReq
<LI><a href="#[4]">&gt;&gt;</a>&nbsp;&nbsp;&nbsp;attsProcFindInfoReq
<LI><a href="#[1e6]">&gt;&gt;</a>&nbsp;&nbsp;&nbsp;AttsCalculateDbHash
<LI><a href="#[1f2]">&gt;&gt;</a>&nbsp;&nbsp;&nbsp;attsHandleValueIndNtf
<LI><a href="#[2d0]">&gt;&gt;</a>&nbsp;&nbsp;&nbsp;SmpScCat
<LI><a href="#[237]">&gt;&gt;</a>&nbsp;&nbsp;&nbsp;DmSecSetEccKey
<LI><a href="#[18e]">&gt;&gt;</a>&nbsp;&nbsp;&nbsp;DmSecAuthRsp
<LI><a href="#[122]">&gt;&gt;</a>&nbsp;&nbsp;&nbsp;smprActSendPairRandom
<LI><a href="#[105]">&gt;&gt;</a>&nbsp;&nbsp;&nbsp;smprActProcPairCnf
<LI><a href="#[11a]">&gt;&gt;</a>&nbsp;&nbsp;&nbsp;smpScActCalcF5TKey
<LI><a href="#[f9]">&gt;&gt;</a>&nbsp;&nbsp;&nbsp;smpActSendPairCnf
<LI><a href="#[fa]">&gt;&gt;</a>&nbsp;&nbsp;&nbsp;smpActPairCnfVerCalc1
<LI><a href="#[41c]">&gt;&gt;</a>&nbsp;&nbsp;&nbsp;smpScActCalcSharedSecret
<LI><a href="#[58]">&gt;&gt;</a>&nbsp;&nbsp;&nbsp;smpScProcPairing
<LI><a href="#[f5]">&gt;&gt;</a>&nbsp;&nbsp;&nbsp;smpActStorePin
<LI><a href="#[165]">&gt;&gt;</a>&nbsp;&nbsp;&nbsp;AppDbSetPeerDbHash
<LI><a href="#[164]">&gt;&gt;</a>&nbsp;&nbsp;&nbsp;AppDbSetKey
<LI><a href="#[162]">&gt;&gt;</a>&nbsp;&nbsp;&nbsp;AppDbSetHdlList
<LI><a href="#[2b1]">&gt;&gt;</a>&nbsp;&nbsp;&nbsp;secCmacProcessBlock
<LI><a href="#[17e]">&gt;&gt;</a>&nbsp;&nbsp;&nbsp;appDiscStart
<LI><a href="#[171]">&gt;&gt;</a>&nbsp;&nbsp;&nbsp;AppDiscProcAttMsg
<LI><a href="#[3e2]">&gt;&gt;</a>&nbsp;&nbsp;&nbsp;prvCopyDataToQueue
<LI><a href="#[3e1]">&gt;&gt;</a>&nbsp;&nbsp;&nbsp;prvCopyDataFromQueue
<LI><a href="#[43]">&gt;&gt;</a>&nbsp;&nbsp;&nbsp;beaconScannerAttCback
</UL>

<P><STRONG><a name="[13d]"></a>__rt_memcpy</STRONG> (Thumb, 138 bytes, Stack size 0 bytes, rt_memcpy_v6.o(.text), UNUSED)
<BR><BR>[Calls]<UL><LI><a href="#[13e]">&gt;&gt;</a>&nbsp;&nbsp;&nbsp;__aeabi_memcpy4
</UL>

<P><STRONG><a name="[476]"></a>_memcpy_lastbytes</STRONG> (Thumb, 0 bytes, Stack size unknown bytes, rt_memcpy_v6.o(.text), UNUSED)

<P><STRONG><a name="[13e]"></a>__aeabi_memcpy4</STRONG> (Thumb, 0 bytes, Stack size 8 bytes, rt_memcpy_w.o(.text))
<BR><BR>[Stack]<UL><LI>Max Depth = 8<LI>Call Chain = __aeabi_memcpy4
</UL>
<BR>[Called By]<UL><LI><a href="#[1b3]">&gt;&gt;</a>&nbsp;&nbsp;&nbsp;HciDrvRadioBoot
<LI><a href="#[a7]">&gt;&gt;</a>&nbsp;&nbsp;&nbsp;attcSendPrepWriteReq
<LI><a href="#[a4]">&gt;&gt;</a>&nbsp;&nbsp;&nbsp;attcSendContinuingReq
<LI><a href="#[30a]">&gt;&gt;</a>&nbsp;&nbsp;&nbsp;am_hal_ble_patch_apply
<LI><a href="#[42]">&gt;&gt;</a>&nbsp;&nbsp;&nbsp;beaconScannerDmCback
<LI><a href="#[13d]">&gt;&gt;</a>&nbsp;&nbsp;&nbsp;__rt_memcpy
</UL>

<P><STRONG><a name="[477]"></a>__aeabi_memcpy8</STRONG> (Thumb, 0 bytes, Stack size 8 bytes, rt_memcpy_w.o(.text), UNUSED)

<P><STRONG><a name="[478]"></a>__rt_memcpy_w</STRONG> (Thumb, 100 bytes, Stack size 8 bytes, rt_memcpy_w.o(.text), UNUSED)

<P><STRONG><a name="[479]"></a>_memcpy_lastbytes_aligned</STRONG> (Thumb, 0 bytes, Stack size unknown bytes, rt_memcpy_w.o(.text), UNUSED)

<P><STRONG><a name="[13f]"></a>__aeabi_memset</STRONG> (Thumb, 16 bytes, Stack size 0 bytes, aeabi_memset.o(.text))
<BR><BR>[Calls]<UL><LI><a href="#[140]">&gt;&gt;</a>&nbsp;&nbsp;&nbsp;_memset
</UL>
<BR>[Called By]<UL><LI><a href="#[2b4]">&gt;&gt;</a>&nbsp;&nbsp;&nbsp;SecEccGenSharedSecret
<LI><a href="#[3ea]">&gt;&gt;</a>&nbsp;&nbsp;&nbsp;prvInitialiseNewTask
</UL>

<P><STRONG><a name="[1d2]"></a>__aeabi_memclr</STRONG> (Thumb, 0 bytes, Stack size 0 bytes, rt_memclr.o(.text))
<BR><BR>[Called By]<UL><LI><a href="#[291]">&gt;&gt;</a>&nbsp;&nbsp;&nbsp;HciLeSetScanRespDataCmd
<LI><a href="#[288]">&gt;&gt;</a>&nbsp;&nbsp;&nbsp;HciLeSetAdvDataCmd
<LI><a href="#[19e]">&gt;&gt;</a>&nbsp;&nbsp;&nbsp;AttsCccInitTable
<LI><a href="#[17d]">&gt;&gt;</a>&nbsp;&nbsp;&nbsp;AttcDiscCharCmpl
<LI><a href="#[da]">&gt;&gt;</a>&nbsp;&nbsp;&nbsp;dmPrivActResolveAddr
<LI><a href="#[e1]">&gt;&gt;</a>&nbsp;&nbsp;&nbsp;dmPrivActGenAddr
<LI><a href="#[122]">&gt;&gt;</a>&nbsp;&nbsp;&nbsp;smprActSendPairRandom
<LI><a href="#[416]">&gt;&gt;</a>&nbsp;&nbsp;&nbsp;smpGenerateLtk
<LI><a href="#[f5]">&gt;&gt;</a>&nbsp;&nbsp;&nbsp;smpActStorePin
<LI><a href="#[11f]">&gt;&gt;</a>&nbsp;&nbsp;&nbsp;smprScActDHKeyCheckSend
<LI><a href="#[2b1]">&gt;&gt;</a>&nbsp;&nbsp;&nbsp;secCmacProcessBlock
<LI><a href="#[172]">&gt;&gt;</a>&nbsp;&nbsp;&nbsp;appDiscRestartDiscovery
<LI><a href="#[182]">&gt;&gt;</a>&nbsp;&nbsp;&nbsp;appDiscConnOpen
</UL>

<P><STRONG><a name="[141]"></a>__rt_memclr</STRONG> (Thumb, 68 bytes, Stack size 0 bytes, rt_memclr.o(.text), UNUSED)
<BR><BR>[Calls]<UL><LI><a href="#[142]">&gt;&gt;</a>&nbsp;&nbsp;&nbsp;_memset_w
</UL>

<P><STRONG><a name="[140]"></a>_memset</STRONG> (Thumb, 0 bytes, Stack size unknown bytes, rt_memclr.o(.text))
<BR><BR>[Called By]<UL><LI><a href="#[13f]">&gt;&gt;</a>&nbsp;&nbsp;&nbsp;__aeabi_memset
</UL>

<P><STRONG><a name="[160]"></a>__aeabi_memclr4</STRONG> (Thumb, 0 bytes, Stack size 4 bytes, rt_memclr_w.o(.text))
<BR><BR>[Stack]<UL><LI>Max Depth = 4<LI>Call Chain = __aeabi_memclr4
</UL>
<BR>[Called By]<UL><LI><a href="#[2de]">&gt;&gt;</a>&nbsp;&nbsp;&nbsp;WsfOsInit
<LI><a href="#[383]">&gt;&gt;</a>&nbsp;&nbsp;&nbsp;curve_x_side
<LI><a href="#[389]">&gt;&gt;</a>&nbsp;&nbsp;&nbsp;dmAdvGenConnCmpl
<LI><a href="#[395]">&gt;&gt;</a>&nbsp;&nbsp;&nbsp;dmConnCcbAlloc
<LI><a href="#[2c0]">&gt;&gt;</a>&nbsp;&nbsp;&nbsp;SmpDbInit
<LI><a href="#[414]">&gt;&gt;</a>&nbsp;&nbsp;&nbsp;smpDbAddDevice
<LI><a href="#[15f]">&gt;&gt;</a>&nbsp;&nbsp;&nbsp;AppDbNewRecord
<LI><a href="#[13c]">&gt;&gt;</a>&nbsp;&nbsp;&nbsp;am_util_faultisr_collect_data
</UL>

<P><STRONG><a name="[47a]"></a>__aeabi_memclr8</STRONG> (Thumb, 0 bytes, Stack size 4 bytes, rt_memclr_w.o(.text), UNUSED)

<P><STRONG><a name="[47b]"></a>__rt_memclr_w</STRONG> (Thumb, 78 bytes, Stack size 4 bytes, rt_memclr_w.o(.text), UNUSED)

<P><STRONG><a name="[142]"></a>_memset_w</STRONG> (Thumb, 0 bytes, Stack size unknown bytes, rt_memclr_w.o(.text), UNUSED)
<BR><BR>[Called By]<UL><LI><a href="#[141]">&gt;&gt;</a>&nbsp;&nbsp;&nbsp;__rt_memclr
</UL>

<P><STRONG><a name="[47c]"></a>__use_two_region_memory</STRONG> (Thumb, 2 bytes, Stack size 0 bytes, heapauxi.o(.text), UNUSED)

<P><STRONG><a name="[47d]"></a>__rt_heap_escrow$2region</STRONG> (Thumb, 2 bytes, Stack size 0 bytes, heapauxi.o(.text), UNUSED)

<P><STRONG><a name="[47e]"></a>__rt_heap_expand$2region</STRONG> (Thumb, 2 bytes, Stack size 0 bytes, heapauxi.o(.text), UNUSED)

<P><STRONG><a name="[47f]"></a>__user_libspace</STRONG> (Thumb, 8 bytes, Stack size 0 bytes, libspace.o(.text), UNUSED)

<P><STRONG><a name="[143]"></a>__user_perproc_libspace</STRONG> (Thumb, 0 bytes, Stack size 0 bytes, libspace.o(.text))
<BR><BR>[Called By]<UL><LI><a href="#[131]">&gt;&gt;</a>&nbsp;&nbsp;&nbsp;__user_setup_stackheap
</UL>

<P><STRONG><a name="[480]"></a>__user_perthread_libspace</STRONG> (Thumb, 0 bytes, Stack size 0 bytes, libspace.o(.text), UNUSED)

<P><STRONG><a name="[131]"></a>__user_setup_stackheap</STRONG> (Thumb, 74 bytes, Stack size 8 bytes, sys_stackheap_outer.o(.text))
<BR><BR>[Stack]<UL><LI>Max Depth = 8<LI>Call Chain = __user_setup_stackheap
</UL>
<BR>[Calls]<UL><LI><a href="#[144]">&gt;&gt;</a>&nbsp;&nbsp;&nbsp;__user_initial_stackheap
<LI><a href="#[143]">&gt;&gt;</a>&nbsp;&nbsp;&nbsp;__user_perproc_libspace
</UL>
<BR>[Called By]<UL><LI><a href="#[130]">&gt;&gt;</a>&nbsp;&nbsp;&nbsp;__rt_entry_sh
</UL>

<P><STRONG><a name="[136]"></a>exit</STRONG> (Thumb, 18 bytes, Stack size 8 bytes, exit.o(.text))
<BR><BR>[Stack]<UL><LI>Max Depth = 8 + Unknown Stack Size
<LI>Call Chain = exit
</UL>
<BR>[Calls]<UL><LI><a href="#[145]">&gt;&gt;</a>&nbsp;&nbsp;&nbsp;__rt_exit
</UL>
<BR>[Called By]<UL><LI><a href="#[134]">&gt;&gt;</a>&nbsp;&nbsp;&nbsp;__rt_entry_main
</UL>

<P><STRONG><a name="[13a]"></a>_sys_exit</STRONG> (Thumb, 8 bytes, Stack size 0 bytes, sys_exit.o(.text))
<BR><BR>[Called By]<UL><LI><a href="#[139]">&gt;&gt;</a>&nbsp;&nbsp;&nbsp;__rt_exit_exit
</UL>

<P><STRONG><a name="[481]"></a>__I$use$semihosting</STRONG> (Thumb, 0 bytes, Stack size 0 bytes, use_no_semi.o(.text), UNUSED)

<P><STRONG><a name="[482]"></a>__use_no_semihosting_swi</STRONG> (Thumb, 2 bytes, Stack size 0 bytes, use_no_semi.o(.text), UNUSED)

<P><STRONG><a name="[483]"></a>__semihosting_library_function</STRONG> (Thumb, 0 bytes, Stack size unknown bytes, indicate_semi.o(.text), UNUSED)

<P><STRONG><a name="[146]"></a>AppAddDevToResList</STRONG> (Thumb, 70 bytes, Stack size 32 bytes, app_main.o(i.AppAddDevToResList))
<BR><BR>[Stack]<UL><LI>Max Depth = 216<LI>Call Chain = AppAddDevToResList &rArr; DmPrivAddDevToResList &rArr; WsfMsgSend &rArr; WsfTaskSetReady &rArr; WsfSetOsSpecificEvent &rArr; xTimerPendFunctionCallFromISR &rArr; xQueueGenericSendFromISR &rArr; prvCopyDataToQueue
</UL>
<BR>[Calls]<UL><LI><a href="#[147]">&gt;&gt;</a>&nbsp;&nbsp;&nbsp;HciLlPrivacySupported
<LI><a href="#[149]">&gt;&gt;</a>&nbsp;&nbsp;&nbsp;DmSecGetLocalIrk
<LI><a href="#[14a]">&gt;&gt;</a>&nbsp;&nbsp;&nbsp;DmPrivAddDevToResList
<LI><a href="#[148]">&gt;&gt;</a>&nbsp;&nbsp;&nbsp;AppDbGetKey
</UL>
<BR>[Called By]<UL><LI><a href="#[1b8]">&gt;&gt;</a>&nbsp;&nbsp;&nbsp;appSecPairCmpl
</UL>

<P><STRONG><a name="[14b]"></a>AppAdvSetData</STRONG> (Thumb, 40 bytes, Stack size 24 bytes, app_slave_leg.o(i.AppAdvSetData))
<BR><BR>[Stack]<UL><LI>Max Depth = 280<LI>Call Chain = AppAdvSetData &rArr; appAdvSetData &rArr; appSetAdvScanDataFrag &rArr; DmAdvSetData &rArr; WsfMsgSend &rArr; WsfTaskSetReady &rArr; WsfSetOsSpecificEvent &rArr; xTimerPendFunctionCallFromISR &rArr; xQueueGenericSendFromISR &rArr; prvCopyDataToQueue
</UL>
<BR>[Calls]<UL><LI><a href="#[14c]">&gt;&gt;</a>&nbsp;&nbsp;&nbsp;appSlaveAdvMode
<LI><a href="#[14d]">&gt;&gt;</a>&nbsp;&nbsp;&nbsp;appAdvSetData
</UL>
<BR>[Called By]<UL><LI><a href="#[37e]">&gt;&gt;</a>&nbsp;&nbsp;&nbsp;beaconScannerSetup
</UL>

<P><STRONG><a name="[14e]"></a>AppAdvStart</STRONG> (Thumb, 54 bytes, Stack size 32 bytes, app_slave_leg.o(i.AppAdvStart))
<BR><BR>[Stack]<UL><LI>Max Depth = 368<LI>Call Chain = AppAdvStart &rArr; appSlaveAdvStart &rArr; appAdvStart &rArr; appSetAdvScanData &rArr; appSetAdvScanDataFrag &rArr; DmAdvSetData &rArr; WsfMsgSend &rArr; WsfTaskSetReady &rArr; WsfSetOsSpecificEvent &rArr; xTimerPendFunctionCallFromISR &rArr; xQueueGenericSendFromISR &rArr; prvCopyDataToQueue
</UL>
<BR>[Calls]<UL><LI><a href="#[14c]">&gt;&gt;</a>&nbsp;&nbsp;&nbsp;appSlaveAdvMode
<LI><a href="#[14f]">&gt;&gt;</a>&nbsp;&nbsp;&nbsp;appSlaveAdvStart
</UL>
<BR>[Called By]<UL><LI><a href="#[37e]">&gt;&gt;</a>&nbsp;&nbsp;&nbsp;beaconScannerSetup
<LI><a href="#[1f8]">&gt;&gt;</a>&nbsp;&nbsp;&nbsp;beaconScannerProcMsg
<LI><a href="#[46]">&gt;&gt;</a>&nbsp;&nbsp;&nbsp;beaconScannerBtnCback
</UL>

<P><STRONG><a name="[150]"></a>AppAdvStop</STRONG> (Thumb, 22 bytes, Stack size 8 bytes, app_slave_leg.o(i.AppAdvStop))
<BR><BR>[Stack]<UL><LI>Max Depth = 200<LI>Call Chain = AppAdvStop &rArr; appAdvStop &rArr; DmAdvStop &rArr; WsfMsgSend &rArr; WsfTaskSetReady &rArr; WsfSetOsSpecificEvent &rArr; xTimerPendFunctionCallFromISR &rArr; xQueueGenericSendFromISR &rArr; prvCopyDataToQueue
</UL>
<BR>[Calls]<UL><LI><a href="#[14c]">&gt;&gt;</a>&nbsp;&nbsp;&nbsp;appSlaveAdvMode
<LI><a href="#[151]">&gt;&gt;</a>&nbsp;&nbsp;&nbsp;appAdvStop
</UL>
<BR>[Called By]<UL><LI><a href="#[46]">&gt;&gt;</a>&nbsp;&nbsp;&nbsp;beaconScannerBtnCback
</UL>

<P><STRONG><a name="[16a]"></a>AppCheckBonded</STRONG> (Thumb, 14 bytes, Stack size 0 bytes, app_main.o(i.AppCheckBonded))
<BR><BR>[Called By]<UL><LI><a href="#[44]">&gt;&gt;</a>&nbsp;&nbsp;&nbsp;AppServerConnCback
<LI><a href="#[17e]">&gt;&gt;</a>&nbsp;&nbsp;&nbsp;appDiscStart
<LI><a href="#[166]">&gt;&gt;</a>&nbsp;&nbsp;&nbsp;AppDiscComplete
<LI><a href="#[184]">&gt;&gt;</a>&nbsp;&nbsp;&nbsp;appDiscPairCmpl
</UL>

<P><STRONG><a name="[152]"></a>AppConnAccept</STRONG> (Thumb, 74 bytes, Stack size 48 bytes, app_slave_leg.o(i.AppConnAccept))
<BR><BR>[Stack]<UL><LI>Max Depth = 344<LI>Call Chain = AppConnAccept &rArr; appConnAccept &rArr; DmConnAccept &rArr; dmConnOpenAccept &rArr; WsfMsgSend &rArr; WsfTaskSetReady &rArr; WsfSetOsSpecificEvent &rArr; xTimerPendFunctionCallFromISR &rArr; xQueueGenericSendFromISR &rArr; prvCopyDataToQueue
</UL>
<BR>[Calls]<UL><LI><a href="#[14c]">&gt;&gt;</a>&nbsp;&nbsp;&nbsp;appSlaveAdvMode
<LI><a href="#[153]">&gt;&gt;</a>&nbsp;&nbsp;&nbsp;appConnAccept
</UL>
<BR>[Called By]<UL><LI><a href="#[46]">&gt;&gt;</a>&nbsp;&nbsp;&nbsp;beaconScannerBtnCback
</UL>

<P><STRONG><a name="[154]"></a>AppConnClose</STRONG> (Thumb, 16 bytes, Stack size 8 bytes, app_main.o(i.AppConnClose))
<BR><BR>[Stack]<UL><LI>Max Depth = 184<LI>Call Chain = AppConnClose &rArr; DmConnClose &rArr; WsfMsgSend &rArr; WsfTaskSetReady &rArr; WsfSetOsSpecificEvent &rArr; xTimerPendFunctionCallFromISR &rArr; xQueueGenericSendFromISR &rArr; prvCopyDataToQueue
</UL>
<BR>[Calls]<UL><LI><a href="#[155]">&gt;&gt;</a>&nbsp;&nbsp;&nbsp;DmConnClose
</UL>
<BR>[Called By]<UL><LI><a href="#[46]">&gt;&gt;</a>&nbsp;&nbsp;&nbsp;beaconScannerBtnCback
</UL>

<P><STRONG><a name="[374]"></a>AppConnIsOpen</STRONG> (Thumb, 28 bytes, Stack size 0 bytes, app_main.o(i.AppConnIsOpen))
<BR><BR>[Called By]<UL><LI><a href="#[1f8]">&gt;&gt;</a>&nbsp;&nbsp;&nbsp;beaconScannerProcMsg
<LI><a href="#[46]">&gt;&gt;</a>&nbsp;&nbsp;&nbsp;beaconScannerBtnCback
</UL>

<P><STRONG><a name="[33f]"></a>AppDbCheckBonded</STRONG> (Thumb, 36 bytes, Stack size 0 bytes, app_db.o(i.AppDbCheckBonded))
<BR><BR>[Called By]<UL><LI><a href="#[1b6]">&gt;&gt;</a>&nbsp;&nbsp;&nbsp;appSlaveSecConnOpen
<LI><a href="#[14f]">&gt;&gt;</a>&nbsp;&nbsp;&nbsp;appSlaveAdvStart
</UL>

<P><STRONG><a name="[156]"></a>AppDbCheckValidRecord</STRONG> (Thumb, 18 bytes, Stack size 4 bytes, app_db.o(i.AppDbCheckValidRecord))
<BR><BR>[Stack]<UL><LI>Max Depth = 4<LI>Call Chain = AppDbCheckValidRecord
</UL>
<BR>[Calls]<UL><LI><a href="#[157]">&gt;&gt;</a>&nbsp;&nbsp;&nbsp;AppDbDeleteRecord
</UL>
<BR>[Called By]<UL><LI><a href="#[1b7]">&gt;&gt;</a>&nbsp;&nbsp;&nbsp;appSecConnClose
</UL>

<P><STRONG><a name="[375]"></a>AppDbDeleteAllRecords</STRONG> (Thumb, 24 bytes, Stack size 0 bytes, app_db.o(i.AppDbDeleteAllRecords))
<BR><BR>[Called By]<UL><LI><a href="#[46]">&gt;&gt;</a>&nbsp;&nbsp;&nbsp;beaconScannerBtnCback
</UL>

<P><STRONG><a name="[157]"></a>AppDbDeleteRecord</STRONG> (Thumb, 8 bytes, Stack size 0 bytes, app_db.o(i.AppDbDeleteRecord))
<BR><BR>[Called By]<UL><LI><a href="#[156]">&gt;&gt;</a>&nbsp;&nbsp;&nbsp;AppDbCheckValidRecord
</UL>

<P><STRONG><a name="[158]"></a>AppDbFindByAddr</STRONG> (Thumb, 64 bytes, Stack size 24 bytes, app_db.o(i.AppDbFindByAddr))
<BR><BR>[Stack]<UL><LI>Max Depth = 48<LI>Call Chain = AppDbFindByAddr &rArr; BdaCmp &rArr; memcmp
</UL>
<BR>[Calls]<UL><LI><a href="#[15a]">&gt;&gt;</a>&nbsp;&nbsp;&nbsp;BdaCmp
<LI><a href="#[159]">&gt;&gt;</a>&nbsp;&nbsp;&nbsp;DmHostAddrType
</UL>
<BR>[Called By]<UL><LI><a href="#[1b6]">&gt;&gt;</a>&nbsp;&nbsp;&nbsp;appSlaveSecConnOpen
</UL>

<P><STRONG><a name="[15b]"></a>AppDbFindByLtkReq</STRONG> (Thumb, 62 bytes, Stack size 24 bytes, app_db.o(i.AppDbFindByLtkReq))
<BR><BR>[Stack]<UL><LI>Max Depth = 32<LI>Call Chain = AppDbFindByLtkReq &rArr; memcmp
</UL>
<BR>[Calls]<UL><LI><a href="#[15c]">&gt;&gt;</a>&nbsp;&nbsp;&nbsp;memcmp
</UL>
<BR>[Called By]<UL><LI><a href="#[1bd]">&gt;&gt;</a>&nbsp;&nbsp;&nbsp;appSecFindLtk
</UL>

<P><STRONG><a name="[19d]"></a>AppDbGetCccTbl</STRONG> (Thumb, 8 bytes, Stack size 0 bytes, app_db.o(i.AppDbGetCccTbl))
<BR><BR>[Called By]<UL><LI><a href="#[44]">&gt;&gt;</a>&nbsp;&nbsp;&nbsp;AppServerConnCback
</UL>

[...]
<LI><a href="#[3ee]">&gt;&gt;</a>&nbsp;&nbsp;&nbsp;prvInsertTimerInActiveList
<LI><a href="#[3d7]">&gt;&gt;</a>&nbsp;&nbsp;&nbsp;uxListRemove
</UL>
<BR>[Called By]<UL><LI><a href="#[3f6]">&gt;&gt;</a>&nbsp;&nbsp;&nbsp;prvProcessTimerOrBlockTask
</UL>

<P><STRONG><a name="[3f2]"></a>prvProcessReceivedCommands</STRONG> (Thumb, 228 bytes, Stack size 48 bytes, timers.o(i.prvProcessReceivedCommands))
<BR><BR>[Stack]<UL><LI>Max Depth = 248<LI>Call Chain = prvProcessReceivedCommands &rArr; prvSampleTimeNow &rArr; prvSwitchTimerLists &rArr; xTimerGenericCommand &rArr; xQueueGenericSend &rArr; vTaskPlaceOnEventList &rArr; prvAddCurrentTaskToDelayedList &rArr; vListInsert
</UL>
<BR>[Calls]<UL><LI><a href="#[2ef]">&gt;&gt;</a>&nbsp;&nbsp;&nbsp;xTimerGenericCommand
<LI><a href="#[3f3]">&gt;&gt;</a>&nbsp;&nbsp;&nbsp;prvSampleTimeNow
<LI><a href="#[3ee]">&gt;&gt;</a>&nbsp;&nbsp;&nbsp;prvInsertTimerInActiveList
<LI><a href="#[3f5]">&gt;&gt;</a>&nbsp;&nbsp;&nbsp;xQueueReceive
<LI><a href="#[3d7]">&gt;&gt;</a>&nbsp;&nbsp;&nbsp;uxListRemove
<LI><a href="#[3f4]">&gt;&gt;</a>&nbsp;&nbsp;&nbsp;vPortFree
</UL>
<BR>[Called By]<UL><LI><a href="#[6e]">&gt;&gt;</a>&nbsp;&nbsp;&nbsp;prvTimerTask
</UL>

<P><STRONG><a name="[3f6]"></a>prvProcessTimerOrBlockTask</STRONG> (Thumb, 102 bytes, Stack size 24 bytes, timers.o(i.prvProcessTimerOrBlockTask))
<BR><BR>[Stack]<UL><LI>Max Depth = 224<LI>Call Chain = prvProcessTimerOrBlockTask &rArr; prvSampleTimeNow &rArr; prvSwitchTimerLists &rArr; xTimerGenericCommand &rArr; xQueueGenericSend &rArr; vTaskPlaceOnEventList &rArr; prvAddCurrentTaskToDelayedList &rArr; vListInsert
</UL>
<BR>[Calls]<UL><LI><a href="#[3f3]">&gt;&gt;</a>&nbsp;&nbsp;&nbsp;prvSampleTimeNow
<LI><a href="#[3f1]">&gt;&gt;</a>&nbsp;&nbsp;&nbsp;prvProcessExpiredTimer
<LI><a href="#[3f7]">&gt;&gt;</a>&nbsp;&nbsp;&nbsp;vQueueWaitForMessageRestricted
<LI><a href="#[3e7]">&gt;&gt;</a>&nbsp;&nbsp;&nbsp;xTaskResumeAll
<LI><a href="#[3e5]">&gt;&gt;</a>&nbsp;&nbsp;&nbsp;vTaskSuspendAll
</UL>
<BR>[Called By]<UL><LI><a href="#[6e]">&gt;&gt;</a>&nbsp;&nbsp;&nbsp;prvTimerTask
</UL>

<P><STRONG><a name="[3f3]"></a>prvSampleTimeNow</STRONG> (Thumb, 40 bytes, Stack size 16 bytes, timers.o(i.prvSampleTimeNow))
<BR><BR>[Stack]<UL><LI>Max Depth = 200<LI>Call Chain = prvSampleTimeNow &rArr; prvSwitchTimerLists &rArr; xTimerGenericCommand &rArr; xQueueGenericSend &rArr; vTaskPlaceOnEventList &rArr; prvAddCurrentTaskToDelayedList &rArr; vListInsert
</UL>
<BR>[Calls]<UL><LI><a href="#[2ee]">&gt;&gt;</a>&nbsp;&nbsp;&nbsp;xTaskGetTickCount
<LI><a href="#[3f8]">&gt;&gt;</a>&nbsp;&nbsp;&nbsp;prvSwitchTimerLists
</UL>
<BR>[Called By]<UL><LI><a href="#[3f6]">&gt;&gt;</a>&nbsp;&nbsp;&nbsp;prvProcessTimerOrBlockTask
<LI><a href="#[3f2]">&gt;&gt;</a>&nbsp;&nbsp;&nbsp;prvProcessReceivedCommands
</UL>

<P><STRONG><a name="[3f8]"></a>prvSwitchTimerLists</STRONG> (Thumb, 132 bytes, Stack size 32 bytes, timers.o(i.prvSwitchTimerLists))
<BR><BR>[Stack]<UL><LI>Max Depth = 184<LI>Call Chain = prvSwitchTimerLists &rArr; xTimerGenericCommand &rArr; xQueueGenericSend &rArr; vTaskPlaceOnEventList &rArr; prvAddCurrentTaskToDelayedList &rArr; vListInsert
</UL>
<BR>[Calls]<UL><LI><a href="#[2ef]">&gt;&gt;</a>&nbsp;&nbsp;&nbsp;xTimerGenericCommand
<LI><a href="#[3d9]">&gt;&gt;</a>&nbsp;&nbsp;&nbsp;vListInsert
<LI><a href="#[3d7]">&gt;&gt;</a>&nbsp;&nbsp;&nbsp;uxListRemove
</UL>
<BR>[Called By]<UL><LI><a href="#[3f3]">&gt;&gt;</a>&nbsp;&nbsp;&nbsp;prvSampleTimeNow
</UL>

<P><STRONG><a name="[6e]"></a>prvTimerTask</STRONG> (Thumb, 26 bytes, Stack size 8 bytes, timers.o(i.prvTimerTask))
<BR><BR>[Stack]<UL><LI>Max Depth = 256<LI>Call Chain = prvTimerTask &rArr; prvProcessReceivedCommands &rArr; prvSampleTimeNow &rArr; prvSwitchTimerLists &rArr; xTimerGenericCommand &rArr; xQueueGenericSend &rArr; vTaskPlaceOnEventList &rArr; prvAddCurrentTaskToDelayedList &rArr; vListInsert
</UL>
<BR>[Calls]<UL><LI><a href="#[3f6]">&gt;&gt;</a>&nbsp;&nbsp;&nbsp;prvProcessTimerOrBlockTask
<LI><a href="#[3f2]">&gt;&gt;</a>&nbsp;&nbsp;&nbsp;prvProcessReceivedCommands
<LI><a href="#[3f9]">&gt;&gt;</a>&nbsp;&nbsp;&nbsp;prvGetNextExpireTime
</UL>
<BR>[Address Reference Count : 1]<UL><LI> timers.o(i.xTimerCreateTimerTask)
</UL>
<P><STRONG><a name="[323]"></a>decstr_to_int</STRONG> (Thumb, 66 bytes, Stack size 12 bytes, am_util_stdio.o(i.decstr_to_int))
<BR><BR>[Stack]<UL><LI>Max Depth = 12<LI>Call Chain = decstr_to_int
</UL>
<BR>[Called By]<UL><LI><a href="#[322]">&gt;&gt;</a>&nbsp;&nbsp;&nbsp;am_util_stdio_vsprintf
</UL>

<P><STRONG><a name="[3d5]"></a>divu64_10</STRONG> (Thumb, 204 bytes, Stack size 36 bytes, am_util_stdio.o(i.divu64_10))
<BR><BR>[Stack]<UL><LI>Max Depth = 36<LI>Call Chain = divu64_10
</UL>
<BR>[Called By]<UL><LI><a href="#[329]">&gt;&gt;</a>&nbsp;&nbsp;&nbsp;uint64_to_str
<LI><a href="#[328]">&gt;&gt;</a>&nbsp;&nbsp;&nbsp;ndigits_in_u64
</UL>

<P><STRONG><a name="[32c]"></a>ftoa</STRONG> (Thumb, 370 bytes, Stack size 64 bytes, am_util_stdio.o(i.ftoa))
<BR><BR>[Stack]<UL><LI>Max Depth = 164<LI>Call Chain = ftoa &rArr; uint64_to_str &rArr; divu64_10
</UL>
<BR>[Calls]<UL><LI><a href="#[329]">&gt;&gt;</a>&nbsp;&nbsp;&nbsp;uint64_to_str
</UL>
<BR>[Called By]<UL><LI><a href="#[322]">&gt;&gt;</a>&nbsp;&nbsp;&nbsp;am_util_stdio_vsprintf
</UL>

<P><STRONG><a name="[326]"></a>ndigits_in_hex</STRONG> (Thumb, 52 bytes, Stack size 12 bytes, am_util_stdio.o(i.ndigits_in_hex))
<BR><BR>[Stack]<UL><LI>Max Depth = 12<LI>Call Chain = ndigits_in_hex
</UL>
<BR>[Called By]<UL><LI><a href="#[322]">&gt;&gt;</a>&nbsp;&nbsp;&nbsp;am_util_stdio_vsprintf
</UL>

<P><STRONG><a name="[32a]"></a>ndigits_in_i64</STRONG> (Thumb, 36 bytes, Stack size 16 bytes, am_util_stdio.o(i.ndigits_in_i64))
<BR><BR>[Stack]<UL><LI>Max Depth = 68<LI>Call Chain = ndigits_in_i64 &rArr; ndigits_in_u64 &rArr; divu64_10
</UL>
<BR>[Calls]<UL><LI><a href="#[328]">&gt;&gt;</a>&nbsp;&nbsp;&nbsp;ndigits_in_u64
</UL>
<BR>[Called By]<UL><LI><a href="#[322]">&gt;&gt;</a>&nbsp;&nbsp;&nbsp;am_util_stdio_vsprintf
</UL>

<P><STRONG><a name="[328]"></a>ndigits_in_u64</STRONG> (Thumb, 58 bytes, Stack size 16 bytes, am_util_stdio.o(i.ndigits_in_u64))
<BR><BR>[Stack]<UL><LI>Max Depth = 52<LI>Call Chain = ndigits_in_u64 &rArr; divu64_10
</UL>
<BR>[Calls]<UL><LI><a href="#[3d5]">&gt;&gt;</a>&nbsp;&nbsp;&nbsp;divu64_10
</UL>
<BR>[Called By]<UL><LI><a href="#[322]">&gt;&gt;</a>&nbsp;&nbsp;&nbsp;am_util_stdio_vsprintf
<LI><a href="#[32a]">&gt;&gt;</a>&nbsp;&nbsp;&nbsp;ndigits_in_i64
</UL>

<P><STRONG><a name="[325]"></a>padbuffer</STRONG> (Thumb, 34 bytes, Stack size 12 bytes, am_util_stdio.o(i.padbuffer))
<BR><BR>[Stack]<UL><LI>Max Depth = 12<LI>Call Chain = padbuffer
</UL>
<BR>[Called By]<UL><LI><a href="#[322]">&gt;&gt;</a>&nbsp;&nbsp;&nbsp;am_util_stdio_vsprintf
</UL>

<P><STRONG><a name="[324]"></a>simple_strlen</STRONG> (Thumb, 24 bytes, Stack size 0 bytes, am_util_stdio.o(i.simple_strlen))
<BR><BR>[Called By]<UL><LI><a href="#[322]">&gt;&gt;</a>&nbsp;&nbsp;&nbsp;am_util_stdio_vsprintf
</UL>

<P><STRONG><a name="[327]"></a>uint64_to_hexstr</STRONG> (Thumb, 138 bytes, Stack size 44 bytes, am_util_stdio.o(i.uint64_to_hexstr))
<BR><BR>[Stack]<UL><LI>Max Depth = 44<LI>Call Chain = uint64_to_hexstr
</UL>
<BR>[Called By]<UL><LI><a href="#[322]">&gt;&gt;</a>&nbsp;&nbsp;&nbsp;am_util_stdio_vsprintf
</UL>

<P><STRONG><a name="[329]"></a>uint64_to_str</STRONG> (Thumb, 112 bytes, Stack size 64 bytes, am_util_stdio.o(i.uint64_to_str))
<BR><BR>[Stack]<UL><LI>Max Depth = 100<LI>Call Chain = uint64_to_str &rArr; divu64_10
</UL>
<BR>[Calls]<UL><LI><a href="#[3d5]">&gt;&gt;</a>&nbsp;&nbsp;&nbsp;divu64_10
</UL>
<BR>[Called By]<UL><LI><a href="#[322]">&gt;&gt;</a>&nbsp;&nbsp;&nbsp;am_util_stdio_vsprintf
<LI><a href="#[32c]">&gt;&gt;</a>&nbsp;&nbsp;&nbsp;ftoa
</UL>

<P><STRONG><a name="[373]"></a>beaconScannerAlert</STRONG> (Thumb, 38 bytes, Stack size 8 bytes, beaconscanner_main.o(i.beaconScannerAlert))
<BR><BR>[Stack]<UL><LI>Max Depth = 16<LI>Call Chain = beaconScannerAlert &rArr; AppUiAction
</UL>
<BR>[Calls]<UL><LI><a href="#[190]">&gt;&gt;</a>&nbsp;&nbsp;&nbsp;AppUiAction
</UL>
<BR>[Called By]<UL><LI><a href="#[48]">&gt;&gt;</a>&nbsp;&nbsp;&nbsp;beaconScannerIasWriteCback
<LI><a href="#[377]">&gt;&gt;</a>&nbsp;&nbsp;&nbsp;beaconScannerClose
</UL>

<P><STRONG><a name="[43]"></a>beaconScannerAttCback</STRONG> (Thumb, 56 bytes, Stack size 16 bytes, beaconscanner_main.o(i.beaconScannerAttCback))
<BR><BR>[Stack]<UL><LI>Max Depth = 168<LI>Call Chain = beaconScannerAttCback &rArr; WsfMsgSend &rArr; WsfTaskSetReady &rArr; WsfSetOsSpecificEvent &rArr; xTimerPendFunctionCallFromISR &rArr; xQueueGenericSendFromISR &rArr; prvCopyDataToQueue
</UL>
<BR>[Calls]<UL><LI><a href="#[208]">&gt;&gt;</a>&nbsp;&nbsp;&nbsp;WsfMsgAlloc
<LI><a href="#[209]">&gt;&gt;</a>&nbsp;&nbsp;&nbsp;WsfMsgSend
<LI><a href="#[163]">&gt;&gt;</a>&nbsp;&nbsp;&nbsp;__aeabi_memcpy
</UL>
<BR>[Address Reference Count : 1]<UL><LI> beaconscanner_main.o(i.BeaconScannerStart)
</UL>
<P><STRONG><a name="[46]"></a>beaconScannerBtnCback</STRONG> (Thumb, 254 bytes, Stack size 24 bytes, beaconscanner_main.o(i.beaconScannerBtnCback))
<BR><BR>[Stack]<UL><LI>Max Depth = 392<LI>Call Chain = beaconScannerBtnCback &rArr; AppAdvStart &rArr; appSlaveAdvStart &rArr; appAdvStart &rArr; appSetAdvScanData &rArr; appSetAdvScanDataFrag &rArr; DmAdvSetData &rArr; WsfMsgSend &rArr; WsfTaskSetReady &rArr; WsfSetOsSpecificEvent &rArr; xTimerPendFunctionCallFromISR &rArr; xQueueGenericSendFromISR &rArr; prvCopyDataToQueue
</UL>
<BR>[Calls]<UL><LI><a href="#[147]">&gt;&gt;</a>&nbsp;&nbsp;&nbsp;HciLlPrivacySupported
<LI><a href="#[333]">&gt;&gt;</a>&nbsp;&nbsp;&nbsp;DmLlPrivEnabled
<LI><a href="#[223]">&gt;&gt;</a>&nbsp;&nbsp;&nbsp;DmPrivClearResList
<LI><a href="#[216]">&gt;&gt;</a>&nbsp;&nbsp;&nbsp;DmDevPrivStart
<LI><a href="#[21c]">&gt;&gt;</a>&nbsp;&nbsp;&nbsp;DmDevWhiteListClear
<LI><a href="#[21a]">&gt;&gt;</a>&nbsp;&nbsp;&nbsp;DmDevWhiteListAdd
<LI><a href="#[217]">&gt;&gt;</a>&nbsp;&nbsp;&nbsp;DmDevSetFilterPolicy
<LI><a href="#[175]">&gt;&gt;</a>&nbsp;&nbsp;&nbsp;DmConnPeerAddrType
<LI><a href="#[174]">&gt;&gt;</a>&nbsp;&nbsp;&nbsp;DmConnPeerAddr
<LI><a href="#[225]">&gt;&gt;</a>&nbsp;&nbsp;&nbsp;DmPrivSetAddrResEnable
<LI><a href="#[33d]">&gt;&gt;</a>&nbsp;&nbsp;&nbsp;AppSetBondable
<LI><a href="#[374]">&gt;&gt;</a>&nbsp;&nbsp;&nbsp;AppConnIsOpen
<LI><a href="#[154]">&gt;&gt;</a>&nbsp;&nbsp;&nbsp;AppConnClose
<LI><a href="#[14e]">&gt;&gt;</a>&nbsp;&nbsp;&nbsp;AppAdvStart
<LI><a href="#[375]">&gt;&gt;</a>&nbsp;&nbsp;&nbsp;AppDbDeleteAllRecords
<LI><a href="#[376]">&gt;&gt;</a>&nbsp;&nbsp;&nbsp;SvcCoreGapAddRpaoCh
<LI><a href="#[152]">&gt;&gt;</a>&nbsp;&nbsp;&nbsp;AppConnAccept
<LI><a href="#[150]">&gt;&gt;</a>&nbsp;&nbsp;&nbsp;AppAdvStop
<LI><a href="#[24c]">&gt;&gt;</a>&nbsp;&nbsp;&nbsp;FmplSendAlert
</UL>
<BR>[Address Reference Count : 1]<UL><LI> beaconscanner_main.o(i.BeaconScannerStart)
</UL>
<P><STRONG><a name="[45]"></a>beaconScannerCccCback</STRONG> (Thumb, 64 bytes, Stack size 16 bytes, beaconscanner_main.o(i.beaconScannerCccCback))
<BR><BR>[Stack]<UL><LI>Max Depth = 168<LI>Call Chain = beaconScannerCccCback &rArr; WsfMsgSend &rArr; WsfTaskSetReady &rArr; WsfSetOsSpecificEvent &rArr; xTimerPendFunctionCallFromISR &rArr; xQueueGenericSendFromISR &rArr; prvCopyDataToQueue
</UL>
<BR>[Calls]<UL><LI><a href="#[208]">&gt;&gt;</a>&nbsp;&nbsp;&nbsp;WsfMsgAlloc
<LI><a href="#[169]">&gt;&gt;</a>&nbsp;&nbsp;&nbsp;AppDbGetHdl
<LI><a href="#[209]">&gt;&gt;</a>&nbsp;&nbsp;&nbsp;WsfMsgSend
<LI><a href="#[1a3]">&gt;&gt;</a>&nbsp;&nbsp;&nbsp;AppDbSetCccTblValue
</UL>
<BR>[Address Reference Count : 1]<UL><LI> beaconscanner_main.o(i.BeaconScannerStart)
</UL>
<P><STRONG><a name="[377]"></a>beaconScannerClose</STRONG> (Thumb, 42 bytes, Stack size 16 bytes, beaconscanner_main.o(i.beaconScannerClose))
<BR><BR>[Stack]<UL><LI>Max Depth = 56<LI>Call Chain = beaconScannerClose &rArr; AttsGetAttr &rArr; attsFindByHandle
</UL>
<BR>[Calls]<UL><LI><a href="#[1ee]">&gt;&gt;</a>&nbsp;&nbsp;&nbsp;AttsGetAttr
<LI><a href="#[373]">&gt;&gt;</a>&nbsp;&nbsp;&nbsp;beaconScannerAlert
</UL>
<BR>[Called By]<UL><LI><a href="#[1f8]">&gt;&gt;</a>&nbsp;&nbsp;&nbsp;beaconScannerProcMsg
</UL>

<P><STRONG><a name="[47]"></a>beaconScannerDiscCback</STRONG> (Thumb, 222 bytes, Stack size 24 bytes, beaconscanner_main.o(i.beaconScannerDiscCback))
<BR><BR>[Stack]<UL><LI>Max Depth = 352<LI>Call Chain = beaconScannerDiscCback &rArr; GattDiscover &rArr; AppDiscFindService &rArr; AttcDiscService &rArr; AttcFindByTypeValueReq &rArr; attcSendMsg &rArr; WsfMsgSend &rArr; WsfTaskSetReady &rArr; WsfSetOsSpecificEvent &rArr; xTimerPendFunctionCallFromISR &rArr; xQueueGenericSendFromISR &rArr; prvCopyDataToQueue
</UL>
<BR>[Calls]<UL><LI><a href="#[250]">&gt;&gt;</a>&nbsp;&nbsp;&nbsp;GattDiscover
<LI><a href="#[24d]">&gt;&gt;</a>&nbsp;&nbsp;&nbsp;GapDiscover
<LI><a href="#[378]">&gt;&gt;</a>&nbsp;&nbsp;&nbsp;AppDiscSetHdlList
<LI><a href="#[16c]">&gt;&gt;</a>&nbsp;&nbsp;&nbsp;AppDiscConfigure
<LI><a href="#[166]">&gt;&gt;</a>&nbsp;&nbsp;&nbsp;AppDiscComplete
<LI><a href="#[1c1]">&gt;&gt;</a>&nbsp;&nbsp;&nbsp;AppSlaveSecurityReq
<LI><a href="#[24b]">&gt;&gt;</a>&nbsp;&nbsp;&nbsp;FmplIasDiscover
<LI><a href="#[379]">&gt;&gt;</a>&nbsp;&nbsp;&nbsp;beaconScannerDiscGapCmpl
</UL>
<BR>[Address Reference Count : 1]<UL><LI> beaconscanner_main.o(i.BeaconScannerStart)
</UL>
<P><STRONG><a name="[379]"></a>beaconScannerDiscGapCmpl</STRONG> (Thumb, 32 bytes, Stack size 16 bytes, beaconscanner_main.o(i.beaconScannerDiscGapCmpl))
<BR><BR>[Stack]<UL><LI>Max Depth = 16<LI>Call Chain = beaconScannerDiscGapCmpl
</UL>
<BR>[Calls]<UL><LI><a href="#[169]">&gt;&gt;</a>&nbsp;&nbsp;&nbsp;AppDbGetHdl
<LI><a href="#[37a]">&gt;&gt;</a>&nbsp;&nbsp;&nbsp;AppDbSetPeerRpao
</UL>
<BR>[Called By]<UL><LI><a href="#[47]">&gt;&gt;</a>&nbsp;&nbsp;&nbsp;beaconScannerDiscCback
</UL>

<P><STRONG><a name="[42]"></a>beaconScannerDmCback</STRONG> (Thumb, 60 bytes, Stack size 16 bytes, beaconscanner_main.o(i.beaconScannerDmCback))
<BR><BR>[Stack]<UL><LI>Max Depth = 168<LI>Call Chain = beaconScannerDmCback &rArr; WsfMsgSend &rArr; WsfTaskSetReady &rArr; WsfSetOsSpecificEvent &rArr; xTimerPendFunctionCallFromISR &rArr; xQueueGenericSendFromISR &rArr; prvCopyDataToQueue
</UL>
<BR>[Calls]<UL><LI><a href="#[208]">&gt;&gt;</a>&nbsp;&nbsp;&nbsp;WsfMsgAlloc
<LI><a href="#[209]">&gt;&gt;</a>&nbsp;&nbsp;&nbsp;WsfMsgSend
<LI><a href="#[37b]">&gt;&gt;</a>&nbsp;&nbsp;&nbsp;DmSizeOfEvt
<LI><a href="#[237]">&gt;&gt;</a>&nbsp;&nbsp;&nbsp;DmSecSetEccKey
<LI><a href="#[13e]">&gt;&gt;</a>&nbsp;&nbsp;&nbsp;__aeabi_memcpy4
</UL>
<BR>[Address Reference Count : 1]<UL><LI> beaconscanner_main.o(i.BeaconScannerStart)
</UL>
<P><STRONG><a name="[48]"></a>beaconScannerIasWriteCback</STRONG> (Thumb, 30 bytes, Stack size 32 bytes, beaconscanner_main.o(i.beaconScannerIasWriteCback))
<BR><BR>[Stack]<UL><LI>Max Depth = 48<LI>Call Chain = beaconScannerIasWriteCback &rArr; beaconScannerAlert &rArr; AppUiAction
</UL>
<BR>[Calls]<UL><LI><a href="#[373]">&gt;&gt;</a>&nbsp;&nbsp;&nbsp;beaconScannerAlert
</UL>
<BR>[Address Reference Count : 1]<UL><LI> beaconscanner_main.o(i.BeaconScannerStart)
</UL>
<P><STRONG><a name="[37c]"></a>beaconScannerOpen</STRONG> (Thumb, 26 bytes, Stack size 8 bytes, beaconscanner_main.o(i.beaconScannerOpen))
<BR><BR>[Stack]<UL><LI>Max Depth = 8<LI>Call Chain = beaconScannerOpen
</UL>
<BR>[Calls]<UL><LI><a href="#[161]">&gt;&gt;</a>&nbsp;&nbsp;&nbsp;BdaCpy
</UL>
<BR>[Called By]<UL><LI><a href="#[1f8]">&gt;&gt;</a>&nbsp;&nbsp;&nbsp;beaconScannerProcMsg
</UL>

<P><STRONG><a name="[1f8]"></a>beaconScannerProcMsg</STRONG> (Thumb, 352 bytes, Stack size 16 bytes, beaconscanner_main.o(i.beaconScannerProcMsg))
<BR><BR>[Stack]<UL><LI>Max Depth = 772<LI>Call Chain = beaconScannerProcMsg &rArr; DmSecGenerateEccKeyReq &rArr; SecEccGenKey &rArr; uECC_make_key &rArr; EccPoint_compute_public_key &rArr; EccPoint_mult &rArr; XYcZ_initial_double &rArr; EccPoint_double_jacobian &rArr; vli_modSquare_fast &rArr; vli_square &rArr; mul2add
</UL>
<BR>[Calls]<UL><LI><a href="#[2a4]">&gt;&gt;</a>&nbsp;&nbsp;&nbsp;WsfTimerStartSec
<LI><a href="#[260]">&gt;&gt;</a>&nbsp;&nbsp;&nbsp;WsfTimerStartMs
<LI><a href="#[37f]">&gt;&gt;</a>&nbsp;&nbsp;&nbsp;DmFindAdType
<LI><a href="#[1e6]">&gt;&gt;</a>&nbsp;&nbsp;&nbsp;AttsCalculateDbHash
<LI><a href="#[233]">&gt;&gt;</a>&nbsp;&nbsp;&nbsp;DmSecGenerateEccKeyReq
<LI><a href="#[190]">&gt;&gt;</a>&nbsp;&nbsp;&nbsp;AppUiAction
<LI><a href="#[18c]">&gt;&gt;</a>&nbsp;&nbsp;&nbsp;AppHandlePasskey
<LI><a href="#[188]">&gt;&gt;</a>&nbsp;&nbsp;&nbsp;AppHandleNumericComparison
<LI><a href="#[374]">&gt;&gt;</a>&nbsp;&nbsp;&nbsp;AppConnIsOpen
<LI><a href="#[14e]">&gt;&gt;</a>&nbsp;&nbsp;&nbsp;AppAdvStart
<LI><a href="#[381]">&gt;&gt;</a>&nbsp;&nbsp;&nbsp;AppUiDisplayRssi
<LI><a href="#[195]">&gt;&gt;</a>&nbsp;&nbsp;&nbsp;AppScanStart
<LI><a href="#[199]">&gt;&gt;</a>&nbsp;&nbsp;&nbsp;AppScanStop
<LI><a href="#[37d]">&gt;&gt;</a>&nbsp;&nbsp;&nbsp;beaconScannerValueUpdate
<LI><a href="#[37e]">&gt;&gt;</a>&nbsp;&nbsp;&nbsp;beaconScannerSetup
<LI><a href="#[380]">&gt;&gt;</a>&nbsp;&nbsp;&nbsp;beaconScannerSecPairCmpl
<LI><a href="#[37c]">&gt;&gt;</a>&nbsp;&nbsp;&nbsp;beaconScannerOpen
<LI><a href="#[377]">&gt;&gt;</a>&nbsp;&nbsp;&nbsp;beaconScannerClose
<LI><a href="#[15c]">&gt;&gt;</a>&nbsp;&nbsp;&nbsp;memcmp
</UL>
<BR>[Called By]<UL><LI><a href="#[67]">&gt;&gt;</a>&nbsp;&nbsp;&nbsp;BeaconScannerHandler
</UL>

<P><STRONG><a name="[380]"></a>beaconScannerSecPairCmpl</STRONG> (Thumb, 60 bytes, Stack size 16 bytes, beaconscanner_main.o(i.beaconScannerSecPairCmpl))
<BR><BR>[Stack]<UL><LI>Max Depth = 24<LI>Call Chain = beaconScannerSecPairCmpl &rArr; AppDbGetKey
</UL>
<BR>[Calls]<UL><LI><a href="#[161]">&gt;&gt;</a>&nbsp;&nbsp;&nbsp;BdaCpy
<LI><a href="#[333]">&gt;&gt;</a>&nbsp;&nbsp;&nbsp;DmLlPrivEnabled
<LI><a href="#[148]">&gt;&gt;</a>&nbsp;&nbsp;&nbsp;AppDbGetKey
</UL>
<BR>[Called By]<UL><LI><a href="#[1f8]">&gt;&gt;</a>&nbsp;&nbsp;&nbsp;beaconScannerProcMsg
</UL>

<P><STRONG><a name="[37e]"></a>beaconScannerSetup</STRONG> (Thumb, 52 bytes, Stack size 8 bytes, beaconscanner_main.o(i.beaconScannerSetup))
<BR><BR>[Stack]<UL><LI>Max Depth = 376<LI>Call Chain = beaconScannerSetup &rArr; AppAdvStart &rArr; appSlaveAdvStart &rArr; appAdvStart &rArr; appSetAdvScanData &rArr; appSetAdvScanDataFrag &rArr; DmAdvSetData &rArr; WsfMsgSend &rArr; WsfTaskSetReady &rArr; WsfSetOsSpecificEvent &rArr; xTimerPendFunctionCallFromISR &rArr; xQueueGenericSendFromISR &rArr; prvCopyDataToQueue
</UL>
<BR>[Calls]<UL><LI><a href="#[14e]">&gt;&gt;</a>&nbsp;&nbsp;&nbsp;AppAdvStart
<LI><a href="#[14b]">&gt;&gt;</a>&nbsp;&nbsp;&nbsp;AppAdvSetData
</UL>
<BR>[Called By]<UL><LI><a href="#[1f8]">&gt;&gt;</a>&nbsp;&nbsp;&nbsp;beaconScannerProcMsg
</UL>

<P><STRONG><a name="[37d]"></a>beaconScannerValueUpdate</STRONG> (Thumb, 40 bytes, Stack size 8 bytes, beaconscanner_main.o(i.beaconScannerValueUpdate))
<BR><BR>[Stack]<UL><LI>Max Depth = 352<LI>Call Chain = beaconScannerValueUpdate &rArr; GattValueUpdate &rArr; AppDiscServiceChanged &rArr; appDiscRestartDiscovery &rArr; appDiscStart &rArr; AttcReadByTypeReq &rArr; attcSendMsg &rArr; WsfMsgSend &rArr; WsfTaskSetReady &rArr; WsfSetOsSpecificEvent &rArr; xTimerPendFunctionCallFromISR &rArr; xQueueGenericSendFromISR &rArr; prvCopyDataToQueue
</UL>
<BR>[Calls]<UL><LI><a href="#[251]">&gt;&gt;</a>&nbsp;&nbsp;&nbsp;GattValueUpdate
<LI><a href="#[24e]">&gt;&gt;</a>&nbsp;&nbsp;&nbsp;GapValueUpdate
</UL>
<BR>[Called By]<UL><LI><a href="#[1f8]">&gt;&gt;</a>&nbsp;&nbsp;&nbsp;beaconScannerProcMsg
</UL>

<P><STRONG><a name="[309]"></a>am_hal_ble_cmd_write</STRONG> (Thumb, 142 bytes, Stack size 4 bytes, am_hal_ble.o(i.am_hal_ble_cmd_write))
<BR><BR>[Stack]<UL><LI>Max Depth = 4<LI>Call Chain = am_hal_ble_cmd_write
</UL>
<BR>[Called By]<UL><LI><a href="#[304]">&gt;&gt;</a>&nbsp;&nbsp;&nbsp;am_hal_ble_blocking_transfer
</UL>
<P>
<H3>
Undefined Global Symbols
</H3><HR></body></html>
